Archive member included to satisfy reference by file (symbol)

C:\ch32\data\CH32V307EVT\EVT\EXAM\ETH\NetLib\libwchnet.a(eth_api.o)
                              ./NetLib/eth_driver.o (WCHNET_PeriodicHandle)
C:\ch32\data\CH32V307EVT\EVT\EXAM\ETH\NetLib\libwchnet.a(ipcheck.o)
                              C:\ch32\data\CH32V307EVT\EVT\EXAM\ETH\NetLib\libwchnet.a(eth_api.o) (IPCheckParaInit)
C:\ch32\data\CH32V307EVT\EVT\EXAM\ETH\NetLib\libwchnet.a(net_dhcp.o)
                              C:\ch32\data\CH32V307EVT\EVT\EXAM\ETH\NetLib\libwchnet.a(eth_api.o) (DHCPCtrl)
C:\ch32\data\CH32V307EVT\EVT\EXAM\ETH\NetLib\libwchnet.a(net_dns.o)
                              C:\ch32\data\CH32V307EVT\EVT\EXAM\ETH\NetLib\libwchnet.a(eth_api.o) (DNSInf)
C:\ch32\data\CH32V307EVT\EVT\EXAM\ETH\NetLib\libwchnet.a(socket.o)
                              C:\ch32\data\CH32V307EVT\EVT\EXAM\ETH\NetLib\libwchnet.a(net_dhcp.o) (ErrorEncode)
C:\ch32\data\CH32V307EVT\EVT\EXAM\ETH\NetLib\libwchnet.a(etharp.o)
                              C:\ch32\data\CH32V307EVT\EVT\EXAM\ETH\NetLib\libwchnet.a(eth_api.o) (etharp_tmr)
C:\ch32\data\CH32V307EVT\EVT\EXAM\ETH\NetLib\libwchnet.a(ethernetif.o)
                              C:\ch32\data\CH32V307EVT\EVT\EXAM\ETH\NetLib\libwchnet.a(eth_api.o) (ethernetif_input)
C:\ch32\data\CH32V307EVT\EVT\EXAM\ETH\NetLib\libwchnet.a(inet.o)
                              C:\ch32\data\CH32V307EVT\EVT\EXAM\ETH\NetLib\libwchnet.a(socket.o) (inet_ntoa)
C:\ch32\data\CH32V307EVT\EVT\EXAM\ETH\NetLib\libwchnet.a(ip.o)
                              C:\ch32\data\CH32V307EVT\EVT\EXAM\ETH\NetLib\libwchnet.a(etharp.o) (ip_input)
C:\ch32\data\CH32V307EVT\EVT\EXAM\ETH\NetLib\libwchnet.a(ip_addr.o)
                              C:\ch32\data\CH32V307EVT\EVT\EXAM\ETH\NetLib\libwchnet.a(socket.o) (ip_addr_isbroadcast)
C:\ch32\data\CH32V307EVT\EVT\EXAM\ETH\NetLib\libwchnet.a(ip_frag.o)
                              C:\ch32\data\CH32V307EVT\EVT\EXAM\ETH\NetLib\libwchnet.a(eth_api.o) (ip_reass_tmr)
C:\ch32\data\CH32V307EVT\EVT\EXAM\ETH\NetLib\libwchnet.a(dhcp.o)
                              C:\ch32\data\CH32V307EVT\EVT\EXAM\ETH\NetLib\libwchnet.a(net_dhcp.o) (dhcp_arp_reply)
C:\ch32\data\CH32V307EVT\EVT\EXAM\ETH\NetLib\libwchnet.a(dns.o)
                              C:\ch32\data\CH32V307EVT\EVT\EXAM\ETH\NetLib\libwchnet.a(dhcp.o) (dns_setserver)
C:\ch32\data\CH32V307EVT\EVT\EXAM\ETH\NetLib\libwchnet.a(init.o)
                              C:\ch32\data\CH32V307EVT\EVT\EXAM\ETH\NetLib\libwchnet.a(ethernetif.o) (lwip_init)
C:\ch32\data\CH32V307EVT\EVT\EXAM\ETH\NetLib\libwchnet.a(mem.o)
                              C:\ch32\data\CH32V307EVT\EVT\EXAM\ETH\NetLib\libwchnet.a(init.o) (mem_init)
C:\ch32\data\CH32V307EVT\EVT\EXAM\ETH\NetLib\libwchnet.a(memp.o)
                              C:\ch32\data\CH32V307EVT\EVT\EXAM\ETH\NetLib\libwchnet.a(init.o) (memp_init)
C:\ch32\data\CH32V307EVT\EVT\EXAM\ETH\NetLib\libwchnet.a(netif.o)
                              C:\ch32\data\CH32V307EVT\EVT\EXAM\ETH\NetLib\libwchnet.a(dhcp.o) (netif_set_ipaddr)
C:\ch32\data\CH32V307EVT\EVT\EXAM\ETH\NetLib\libwchnet.a(pbuf.o)
                              C:\ch32\data\CH32V307EVT\EVT\EXAM\ETH\NetLib\libwchnet.a(socket.o) (pbuf_header)
C:\ch32\data\CH32V307EVT\EVT\EXAM\ETH\NetLib\libwchnet.a(raw.o)
                              C:\ch32\data\CH32V307EVT\EVT\EXAM\ETH\NetLib\libwchnet.a(ip.o) (raw_input)
C:\ch32\data\CH32V307EVT\EVT\EXAM\ETH\NetLib\libwchnet.a(tcp.o)
                              C:\ch32\data\CH32V307EVT\EVT\EXAM\ETH\NetLib\libwchnet.a(socket.o) (tcp_bind)
C:\ch32\data\CH32V307EVT\EVT\EXAM\ETH\NetLib\libwchnet.a(tcp_in.o)
                              C:\ch32\data\CH32V307EVT\EVT\EXAM\ETH\NetLib\libwchnet.a(ip.o) (tcp_input)
C:\ch32\data\CH32V307EVT\EVT\EXAM\ETH\NetLib\libwchnet.a(tcp_out.o)
                              C:\ch32\data\CH32V307EVT\EVT\EXAM\ETH\NetLib\libwchnet.a(tcp.o) (tcp_enqueue)
C:\ch32\data\CH32V307EVT\EVT\EXAM\ETH\NetLib\libwchnet.a(udp.o)
                              C:\ch32\data\CH32V307EVT\EVT\EXAM\ETH\NetLib\libwchnet.a(ip.o) (udp_input)
C:\ch32\data\CH32V307EVT\EVT\EXAM\ETH\NetLib\libwchnet.a(icmp.o)
                              C:\ch32\data\CH32V307EVT\EVT\EXAM\ETH\NetLib\libwchnet.a(ip.o) (icmp_input)
C:\ch32\data\CH32V307EVT\EVT\EXAM\ETH\NetLib\libwchnet.a(inet_chksum.o)
                              C:\ch32\data\CH32V307EVT\EVT\EXAM\ETH\NetLib\libwchnet.a(tcp_in.o) (inet_chksum_pseudo)
c:/mounriver/mounriver_studio/toolchain/risc-v embedded gcc/bin/../lib/gcc/riscv-none-embed/8.2.0/../../../../riscv-none-embed/lib/rv32imacxw/ilp32\libprintf.a(wchprintf.o)
                              ./User/ch32v30x_it.o (printf)
c:/mounriver/mounriver_studio/toolchain/risc-v embedded gcc/bin/../lib/gcc/riscv-none-embed/8.2.0/rv32imacxw/ilp32\libgcc.a(save-restore.o)
                              ./General_File/driver/st7789.o (__riscv_save_12)
[...]
Memory Configuration

Name             Origin             Length             Attributes
FLASH            0x0000000000000000 0x0000000000040000 xr
RAM              0x0000000020000000 0x0000000000010000 xrw
*default*        0x0000000000000000 0xffffffffffffffff

Linker script and memory map

LOAD ./User/ch32v30x_it.o
LOAD ./User/main.o
LOAD ./User/system_ch32v30x.o
LOAD ./Startup/startup_ch32v30x_D8C.o
LOAD ./Peripheral/src/ch32v30x_adc.o
LOAD ./Peripheral/src/ch32v30x_bkp.o
LOAD ./Peripheral/src/ch32v30x_can.o
LOAD ./Peripheral/src/ch32v30x_crc.o
LOAD ./Peripheral/src/ch32v30x_dac.o
LOAD ./Peripheral/src/ch32v30x_dbgmcu.o
LOAD ./Peripheral/src/ch32v30x_dma.o
LOAD ./Peripheral/src/ch32v30x_dvp.o
LOAD ./Peripheral/src/ch32v30x_eth.o
LOAD ./Peripheral/src/ch32v30x_exti.o
LOAD ./Peripheral/src/ch32v30x_flash.o
LOAD ./Peripheral/src/ch32v30x_fsmc.o
LOAD ./Peripheral/src/ch32v30x_gpio.o
LOAD ./Peripheral/src/ch32v30x_i2c.o
LOAD ./Peripheral/src/ch32v30x_iwdg.o
LOAD ./Peripheral/src/ch32v30x_misc.o
LOAD ./Peripheral/src/ch32v30x_opa.o
LOAD ./Peripheral/src/ch32v30x_pwr.o
LOAD ./Peripheral/src/ch32v30x_rcc.o
LOAD ./Peripheral/src/ch32v30x_rng.o
LOAD ./Peripheral/src/ch32v30x_rtc.o
LOAD ./Peripheral/src/ch32v30x_sdio.o
LOAD ./Peripheral/src/ch32v30x_spi.o
LOAD ./Peripheral/src/ch32v30x_tim.o
LOAD ./Peripheral/src/ch32v30x_usart.o
LOAD ./Peripheral/src/ch32v30x_wwdg.o
LOAD ./NetLib/eth_driver.o
LOAD ./General_File/driver/font.o
LOAD ./General_File/driver/ov7670.o
LOAD ./General_File/driver/st7789.o
LOAD ./General_File/system.o
LOAD ./Debug/debug.o
LOAD ./Core/core_riscv.o
LOAD c:/mounriver/mounriver_studio/toolchain/risc-v embedded gcc/bin/../lib/gcc/riscv-none-embed/8.2.0/../../../../riscv-none-embed/lib/rv32imacxw/ilp32\libm.a
LOAD C:\ch32\data\CH32V307EVT\EVT\EXAM\ETH\NetLib\libwchnet.a
LOAD c:/mounriver/mounriver_studio/toolchain/risc-v embedded gcc/bin/../lib/gcc/riscv-none-embed/8.2.0/../../../../riscv-none-embed/lib/rv32imacxw/ilp32\libprintf.a
LOAD c:/mounriver/mounriver_studio/toolchain/risc-v embedded gcc/bin/../lib/gcc/riscv-none-embed/8.2.0/rv32imacxw/ilp32\libgcc.a
LOAD c:/mounriver/mounriver_studio/toolchain/risc-v embedded gcc/bin/../lib/gcc/riscv-none-embed/8.2.0/../../../../riscv-none-embed/lib/rv32imacxw/ilp32\libg_nano.a
LOAD c:/mounriver/mounriver_studio/toolchain/risc-v embedded gcc/bin/../lib/gcc/riscv-none-embed/8.2.0/../../../../riscv-none-embed/lib/rv32imacxw/ilp32\libc_nano.a
LOAD c:/mounriver/mounriver_studio/toolchain/risc-v embedded gcc/bin/../lib/gcc/riscv-none-embed/8.2.0/rv32imacxw/ilp32\libgcc.a
START GROUP
LOAD c:/mounriver/mounriver_studio/toolchain/risc-v embedded gcc/bin/../lib/gcc/riscv-none-embed/8.2.0/rv32imacxw/ilp32\libgcc.a
LOAD c:/mounriver/mounriver_studio/toolchain/risc-v embedded gcc/bin/../lib/gcc/riscv-none-embed/8.2.0/../../../../riscv-none-embed/lib/rv32imacxw/ilp32\libc_nano.a
LOAD c:/mounriver/mounriver_studio/toolchain/risc-v embedded gcc/bin/../lib/gcc/riscv-none-embed/8.2.0/../../../../riscv-none-embed/lib/rv32imacxw/ilp32\libnosys.a
END GROUP
START GROUP
LOAD c:/mounriver/mounriver_studio/toolchain/risc-v embedded gcc/bin/../lib/gcc/riscv-none-embed/8.2.0/rv32imacxw/ilp32\libgcc.a
LOAD c:/mounriver/mounriver_studio/toolchain/risc-v embedded gcc/bin/../lib/gcc/riscv-none-embed/8.2.0/../../../../riscv-none-embed/lib/rv32imacxw/ilp32\libc_nano.a
LOAD c:/mounriver/mounriver_studio/toolchain/risc-v embedded gcc/bin/../lib/gcc/riscv-none-embed/8.2.0/../../../../riscv-none-embed/lib/rv32imacxw/ilp32\libnosys.a
END GROUP
                0x0000000000000800                __stack_size = 0x800
                [!provide]                        PROVIDE (_stack_size = __stack_size)

.init           0x0000000000000000       0x38
                0x0000000000000000                _sinit = .
                0x0000000000000000                . = ALIGN (0x4)
 *(SORT_NONE(.init))
 .init          0x0000000000000000       0x38 ./Startup/startup_ch32v30x_D8C.o
                0x0000000000000000                _start
                0x0000000000000038                . = ALIGN (0x4)
                0x0000000000000038                _einit = .

.vector         0x0000000000000038      0x1c8
 *(.vector)
 .vector        0x0000000000000038      0x1a0 ./Startup/startup_ch32v30x_D8C.o
                0x0000000000000200                . = ALIGN (0x40)
 *fill*         0x00000000000001d8       0x28 

.text           0x0000000000000200     0xba54
                0x0000000000000200                . = ALIGN (0x4)
 *(.text)
 .text          0x0000000000000200       0x60 c:/mounriver/mounriver_studio/toolchain/risc-v embedded gcc/bin/../lib/gcc/riscv-none-embed/8.2.0/rv32imacxw/ilp32\libgcc.a(save-restore.o)
                0x0000000000000200                __riscv_save_12
                0x0000000000000208                __riscv_save_9
                0x0000000000000208                __riscv_save_11
                0x0000000000000208                __riscv_save_10
                0x0000000000000208                __riscv_save_8
                0x0000000000000216                __riscv_save_4
                0x0000000000000216                __riscv_save_6
                0x0000000000000216                __riscv_save_5
                0x0000000000000216                __riscv_save_7
                0x0000000000000230                __riscv_save_3
                0x0000000000000230                __riscv_save_2
                0x0000000000000230                __riscv_save_1
                0x0000000000000230                __riscv_save_0
                0x000000000000023c                __riscv_restore_12
                0x0000000000000240                __riscv_restore_11
                0x0000000000000240                __riscv_restore_9
                0x0000000000000240                __riscv_restore_10
                0x0000000000000240                __riscv_restore_8
                0x000000000000024a                __riscv_restore_5
                0x000000000000024a                __riscv_restore_7
                0x000000000000024a                __riscv_restore_6
                0x000000000000024a                __riscv_restore_4
                0x0000000000000254                __riscv_restore_3
                0x0000000000000254                __riscv_restore_0
                0x0000000000000254                __riscv_restore_2
                0x0000000000000254                __riscv_restore_1
 .text          0x0000000000000260       0xa8 c:/mounriver/mounriver_studio/toolchain/risc-v embedded gcc/bin/../lib/gcc/riscv-none-embed/8.2.0/../../../../riscv-none-embed/lib/rv32imacxw/ilp32\libg_nano.a(lib_a-memset.o)
                0x0000000000000260                memset
 *(.text.*)
 .text.NMI_Handler
                0x0000000000000308        0x4 ./User/ch32v30x_it.o
                0x0000000000000308                NMI_Handler
 .text.HardFault_Handler
                0x000000000000030c       0x44 ./User/ch32v30x_it.o
                0x000000000000030c                HardFault_Handler
 .text.EXTI9_5_IRQHandler
                0x0000000000000350       0x50 ./User/ch32v30x_it.o
                0x0000000000000350                EXTI9_5_IRQHandler
 .text.ETH_IRQHandler
                0x00000000000003a0        0x8 ./User/ch32v30x_it.o
                0x00000000000003a0                ETH_IRQHandler
 .text.TIM2_IRQHandler
                0x00000000000003a8       0x14 ./User/ch32v30x_it.o
                0x00000000000003a8                TIM2_IRQHandler
 .text.mStopIfError
                0x00000000000003bc       0x18 ./User/main.o
                0x00000000000003bc                mStopIfError
 .text.TIM2_Init
                0x00000000000003d4       0x6e ./User/main.o
                0x00000000000003d4                TIM2_Init
 .text.WCHNET_CreateTcpSocket
                0x0000000000000442       0x68 ./User/main.o
                0x0000000000000442                WCHNET_CreateTcpSocket
 .text.show_lcd_data
                0x00000000000004aa       0x60 ./User/main.o
                0x00000000000004aa                show_lcd_data
 .text.WCHNET_DataLoopback
                0x000000000000050a       0xa4 ./User/main.o
                0x000000000000050a                WCHNET_DataLoopback
 .text.WCHNET_HandleSockInt
                0x00000000000005ae       0xb0 ./User/main.o
                0x00000000000005ae                WCHNET_HandleSockInt
 .text.WCHNET_HandleGlobalInt
                0x000000000000065e       0x5e ./User/main.o
                0x000000000000065e                WCHNET_HandleGlobalInt
 .text.startup.main
                0x00000000000006bc      0x10a ./User/main.o
                0x00000000000006bc                main
 .text.SystemInit
                0x00000000000007c6       0xfa ./User/system_ch32v30x.o
                0x00000000000007c6                SystemInit
 .text.SystemCoreClockUpdate
                0x00000000000008c0       0xba ./User/system_ch32v30x.o
                0x00000000000008c0                SystemCoreClockUpdate
 .text.vector_handler
                0x000000000000097a       0xbe ./Startup/startup_ch32v30x_D8C.o
                0x000000000000097e                Ecall_M_Mode_Handler
                0x0000000000000980                Ecall_U_Mode_Handler
                0x0000000000000982                Break_Point_Handler
                0x0000000000000984                SysTick_Handler
                0x0000000000000986                SW_Handler
                0x0000000000000988                WWDG_IRQHandler
                0x000000000000098a                PVD_IRQHandler
                0x000000000000098c                TAMPER_IRQHandler
                0x000000000000098e                RTC_IRQHandler
                0x0000000000000990                FLASH_IRQHandler
                0x0000000000000992                RCC_IRQHandler
                0x0000000000000996                EXTI1_IRQHandler
                0x0000000000000998                EXTI2_IRQHandler
                0x000000000000099a                EXTI3_IRQHandler
                0x000000000000099c                EXTI4_IRQHandler
                0x000000000000099e                DMA1_Channel1_IRQHandler
                0x00000000000009a0                DMA1_Channel2_IRQHandler
                0x00000000000009a2                DMA1_Channel3_IRQHandler
                0x00000000000009a4                DMA1_Channel4_IRQHandler
                0x00000000000009a6                DMA1_Channel5_IRQHandler
                0x00000000000009a8                DMA1_Channel6_IRQHandler
                0x00000000000009aa                DMA1_Channel7_IRQHandler
                0x00000000000009ac                ADC1_2_IRQHandler
                0x00000000000009ae                USB_HP_CAN1_TX_IRQHandler
                0x00000000000009b0                USB_LP_CAN1_RX0_IRQHandler
                0x00000000000009b2                CAN1_RX1_IRQHandler
                0x00000000000009b4                CAN1_SCE_IRQHandler
                0x00000000000009b8                TIM1_BRK_IRQHandler
                0x00000000000009ba                TIM1_UP_IRQHandler
                0x00000000000009bc                TIM1_TRG_COM_IRQHandler
                0x00000000000009be                TIM1_CC_IRQHandler
                0x00000000000009c2                TIM3_IRQHandler
                0x00000000000009c4                TIM4_IRQHandler
                0x00000000000009c6                I2C1_EV_IRQHandler
                0x00000000000009c8                I2C1_ER_IRQHandler
                0x00000000000009ca                I2C2_EV_IRQHandler
                0x00000000000009cc                I2C2_ER_IRQHandler
                0x00000000000009ce                SPI1_IRQHandler
                0x00000000000009d0                SPI2_IRQHandler
                0x00000000000009d2                USART1_IRQHandler
                0x00000000000009d4                USART2_IRQHandler
                0x00000000000009d6                USART3_IRQHandler
                0x00000000000009d8                EXTI15_10_IRQHandler
                0x00000000000009da                RTCAlarm_IRQHandler
                0x00000000000009dc                USBWakeUp_IRQHandler
                0x00000000000009de                TIM8_BRK_IRQHandler
                0x00000000000009e0                TIM8_UP_IRQHandler
                0x00000000000009e2                TIM8_TRG_COM_IRQHandler
                0x00000000000009e4                TIM8_CC_IRQHandler
                0x00000000000009e6                RNG_IRQHandler
                0x00000000000009e8                FSMC_IRQHandler
                0x00000000000009ea                SDIO_IRQHandler
                0x00000000000009ec                TIM5_IRQHandler
                0x00000000000009ee                SPI3_IRQHandler
                0x00000000000009f0                UART4_IRQHandler
                0x00000000000009f2                UART5_IRQHandler
                0x00000000000009f6                TIM7_IRQHandler
                0x00000000000009f8                DMA2_Channel1_IRQHandler
                0x00000000000009fa                DMA2_Channel2_IRQHandler
                0x00000000000009fc                DMA2_Channel3_IRQHandler
                0x00000000000009fe                DMA2_Channel4_IRQHandler
                0x0000000000000a00                DMA2_Channel5_IRQHandler
                0x0000000000000a04                ETH_WKUP_IRQHandler
                0x0000000000000a06                CAN2_TX_IRQHandler
                0x0000000000000a08                CAN2_RX0_IRQHandler
                0x0000000000000a0a                CAN2_RX1_IRQHandler
                0x0000000000000a0c                CAN2_SCE_IRQHandler
                0x0000000000000a0e                OTG_FS_IRQHandler
                0x0000000000000a10                USBHSWakeup_IRQHandler
                0x0000000000000a12                USBHS_IRQHandler
                0x0000000000000a14                DVP_IRQHandler
                0x0000000000000a16                UART6_IRQHandler
                0x0000000000000a18                UART7_IRQHandler
                0x0000000000000a1a                UART8_IRQHandler
                0x0000000000000a1c                TIM9_BRK_IRQHandler
                0x0000000000000a1e                TIM9_UP_IRQHandler
                0x0000000000000a20                TIM9_TRG_COM_IRQHandler
                0x0000000000000a22                TIM9_CC_IRQHandler
                0x0000000000000a24                TIM10_BRK_IRQHandler
                0x0000000000000a26                TIM10_UP_IRQHandler
                0x0000000000000a28                TIM10_TRG_COM_IRQHandler
                0x0000000000000a2a                TIM10_CC_IRQHandler
                0x0000000000000a2c                DMA2_Channel6_IRQHandler
                0x0000000000000a2e                DMA2_Channel7_IRQHandler
                0x0000000000000a30                DMA2_Channel8_IRQHandler
                0x0000000000000a32                DMA2_Channel9_IRQHandler
                0x0000000000000a34                DMA2_Channel10_IRQHandler
                0x0000000000000a36                DMA2_Channel11_IRQHandler
 .text.handle_reset
                0x0000000000000a38       0x8e ./Startup/startup_ch32v30x_D8C.o
                0x0000000000000a38                handle_reset
 .text.DBGMCU_GetCHIPID
                0x0000000000000ac6        0xa ./Peripheral/src/ch32v30x_dbgmcu.o
                0x0000000000000ac6                DBGMCU_GetCHIPID
 .text.ETH_DeInit
                0x0000000000000ad0       0x14 ./Peripheral/src/ch32v30x_eth.o
                0x0000000000000ad0                ETH_DeInit
 .text.ETH_StructInit
                0x0000000000000ae4       0xd8 ./Peripheral/src/ch32v30x_eth.o
                0x0000000000000ae4                ETH_StructInit
 .text.ETH_ReadPHYRegister
                0x0000000000000bbc       0x58 ./Peripheral/src/ch32v30x_eth.o
                0x0000000000000bbc                ETH_ReadPHYRegister
 .text.ETH_WritePHYRegister
                0x0000000000000c14       0x52 ./Peripheral/src/ch32v30x_eth.o
                0x0000000000000c14                ETH_WritePHYRegister
 .text.ETH_DMATxDescChainInit
                0x0000000000000c66       0x42 ./Peripheral/src/ch32v30x_eth.o
                0x0000000000000c66                ETH_DMATxDescChainInit
 .text.ETH_DMARxDescChainInit
                0x0000000000000ca8       0x4c ./Peripheral/src/ch32v30x_eth.o
                0x0000000000000ca8                ETH_DMARxDescChainInit
 .text.ETH_SoftwareReset
                0x0000000000000cf4        0xe ./Peripheral/src/ch32v30x_eth.o
                0x0000000000000cf4                ETH_SoftwareReset
 .text.ETH_DMAClearITPendingBit
                0x0000000000000d02        0x8 ./Peripheral/src/ch32v30x_eth.o
                0x0000000000000d02                ETH_DMAClearITPendingBit
 .text.ETH_FlushTransmitFIFO
                0x0000000000000d0a       0x10 ./Peripheral/src/ch32v30x_eth.o
                0x0000000000000d0a                ETH_FlushTransmitFIFO
 .text.ETH_Start
                0x0000000000000d1a       0x32 ./Peripheral/src/ch32v30x_eth.o
                0x0000000000000d1a                ETH_Start
 .text.ETH_DMAITConfig
                0x0000000000000d4c       0x1e ./Peripheral/src/ch32v30x_eth.o
                0x0000000000000d4c                ETH_DMAITConfig
 .text.EXTI_ClearFlag
                0x0000000000000d6a        0xa ./Peripheral/src/ch32v30x_exti.o
                0x0000000000000d6a                EXTI_ClearFlag
 .text.EXTI_ClearITPendingBit
                0x0000000000000d74        0xa ./Peripheral/src/ch32v30x_exti.o
                0x0000000000000d74                EXTI_ClearITPendingBit
 .text.GPIO_Init
                0x0000000000000d7e       0xc0 ./Peripheral/src/ch32v30x_gpio.o
                0x0000000000000d7e                GPIO_Init
 .text.GPIO_SetBits
                0x0000000000000e3e        0x4 ./Peripheral/src/ch32v30x_gpio.o
                0x0000000000000e3e                GPIO_SetBits
 .text.GPIO_ResetBits
                0x0000000000000e42        0x4 ./Peripheral/src/ch32v30x_gpio.o
                0x0000000000000e42                GPIO_ResetBits
 .text.GPIO_WriteBit
                0x0000000000000e46        0xa ./Peripheral/src/ch32v30x_gpio.o
                0x0000000000000e46                GPIO_WriteBit
 .text.RCC_GetClocksFreq
                0x0000000000000e50      0x176 ./Peripheral/src/ch32v30x_rcc.o
                0x0000000000000e50                RCC_GetClocksFreq
 .text.RCC_AHBPeriphClockCmd
                0x0000000000000fc6       0x1e ./Peripheral/src/ch32v30x_rcc.o
                0x0000000000000fc6                RCC_AHBPeriphClockCmd
 .text.RCC_APB2PeriphClockCmd
                0x0000000000000fe4       0x1e ./Peripheral/src/ch32v30x_rcc.o
                0x0000000000000fe4                RCC_APB2PeriphClockCmd
 .text.RCC_APB1PeriphClockCmd
                0x0000000000001002       0x1e ./Peripheral/src/ch32v30x_rcc.o
                0x0000000000001002                RCC_APB1PeriphClockCmd
 .text.RCC_GetFlagStatus
                0x0000000000001020       0x2e ./Peripheral/src/ch32v30x_rcc.o
                0x0000000000001020                RCC_GetFlagStatus
 .text.RCC_PREDIV2Config
                0x000000000000104e       0x10 ./Peripheral/src/ch32v30x_rcc.o
                0x000000000000104e                RCC_PREDIV2Config
 .text.RCC_PLL3Config
                0x000000000000105e       0x12 ./Peripheral/src/ch32v30x_rcc.o
                0x000000000000105e                RCC_PLL3Config
 .text.RCC_PLL3Cmd
                0x0000000000001070       0x24 ./Peripheral/src/ch32v30x_rcc.o
                0x0000000000001070                RCC_PLL3Cmd
 .text.RCC_AHBPeriphResetCmd
                0x0000000000001094       0x1e ./Peripheral/src/ch32v30x_rcc.o
                0x0000000000001094                RCC_AHBPeriphResetCmd
 .text.TIM_TimeBaseInit
                0x00000000000010b2       0xaa ./Peripheral/src/ch32v30x_tim.o
                0x00000000000010b2                TIM_TimeBaseInit
 .text.TIM_Cmd  0x000000000000115c       0x18 ./Peripheral/src/ch32v30x_tim.o
                0x000000000000115c                TIM_Cmd
 .text.TIM_ITConfig
                0x0000000000001174       0x12 ./Peripheral/src/ch32v30x_tim.o
                0x0000000000001174                TIM_ITConfig
 .text.TIM_ClearFlag
                0x0000000000001186        0xc ./Peripheral/src/ch32v30x_tim.o
                0x0000000000001186                TIM_ClearFlag
 .text.TIM_ClearITPendingBit
                0x0000000000001192        0xc ./Peripheral/src/ch32v30x_tim.o
                0x0000000000001192                TIM_ClearITPendingBit
 .text.USART_Init
                0x000000000000119e       0xba ./Peripheral/src/ch32v30x_usart.o
                0x000000000000119e                USART_Init
 .text.USART_Cmd
                0x0000000000001258       0x16 ./Peripheral/src/ch32v30x_usart.o
                0x0000000000001258                USART_Cmd
 .text.USART_SendData
                0x000000000000126e        0x8 ./Peripheral/src/ch32v30x_usart.o
                0x000000000000126e                USART_SendData
 .text.USART_GetFlagStatus
                0x0000000000001276        0xa ./Peripheral/src/ch32v30x_usart.o
                0x0000000000001276                USART_GetFlagStatus
 .text.ETH_TxPktChainMode
                0x0000000000001280       0x4a ./NetLib/eth_driver.o
                0x0000000000001280                ETH_TxPktChainMode
 .text.ETH_LedDataSet
                0x00000000000012ca       0x1e ./NetLib/eth_driver.o
                0x00000000000012ca                ETH_LedDataSet
 .text.ETH_LedLinkSet
                0x00000000000012e8       0x1e ./NetLib/eth_driver.o
                0x00000000000012e8                ETH_LedLinkSet
 .text.WCHNET_GetMacAddr
                0x0000000000001306       0x20 ./NetLib/eth_driver.o
                0x0000000000001306                WCHNET_GetMacAddr
 .text.WCHNET_TimeIsr
                0x0000000000001326        0xc ./NetLib/eth_driver.o
                0x0000000000001326                WCHNET_TimeIsr
 .text.WCHNET_LinkProcess
                0x0000000000001332      0x1a8 ./NetLib/eth_driver.o
                0x0000000000001332                WCHNET_LinkProcess
 .text.WCHNET_HandlePhyNegotiation
                0x00000000000014da       0x2c ./NetLib/eth_driver.o
                0x00000000000014da                WCHNET_HandlePhyNegotiation
 .text.WCHNET_MainTask
                0x0000000000001506       0x12 ./NetLib/eth_driver.o
                0x0000000000001506                WCHNET_MainTask
 .text.ETH_LedConfiguration
                0x0000000000001518       0x44 ./NetLib/eth_driver.o
                0x0000000000001518                ETH_LedConfiguration
 .text.ETH_SetClock
                0x000000000000155c       0x22 ./NetLib/eth_driver.o
                0x000000000000155c                ETH_SetClock
 .text.ETH_PHYLink
                0x000000000000157e      0x10c ./NetLib/eth_driver.o
                0x000000000000157e                ETH_PHYLink
 .text.ETH_RegInit
                0x000000000000168a      0x11a ./NetLib/eth_driver.o
                0x000000000000168a                ETH_RegInit
 .text.ETH_Configuration
                0x00000000000017a4       0xde ./NetLib/eth_driver.o
                0x00000000000017a4                ETH_Configuration
 .text.WCHNET_ETHIsr
                0x0000000000001882       0x72 ./NetLib/eth_driver.o
                0x0000000000001882                WCHNET_ETHIsr
 .text.ETH_Init
                0x00000000000018f4       0x56 ./NetLib/eth_driver.o
                0x00000000000018f4                ETH_Init
 .text.ETH_LibInit
                0x000000000000194a       0x82 ./NetLib/eth_driver.o
                0x000000000000194a                ETH_LibInit
 .text.ST7789_GPIO_init
                0x00000000000019cc       0x3a ./General_File/driver/st7789.o
                0x00000000000019cc                ST7789_GPIO_init
 .text.lcd_write_reg
                0x0000000000001a06       0x7e ./General_File/driver/st7789.o
                0x0000000000001a06                lcd_write_reg
 .text.lcd_write_data
                0x0000000000001a84       0x7e ./General_File/driver/st7789.o
                0x0000000000001a84                lcd_write_data
 .text.lcd_write_ram
                0x0000000000001b02        0xe ./General_File/driver/st7789.o
                0x0000000000001b02                lcd_write_ram
 .text.lcd_set_address
                0x0000000000001b10       0x52 ./General_File/driver/st7789.o
                0x0000000000001b10                lcd_set_address
 .text.lcd_display_on
                0x0000000000001b62        0xe ./General_File/driver/st7789.o
                0x0000000000001b62                lcd_display_on
 .text.lcd_display_off
                0x0000000000001b70        0xe ./General_File/driver/st7789.o
                0x0000000000001b70                lcd_display_off
 .text.lcd_clear
                0x0000000000001b7e       0x46 ./General_File/driver/st7789.o
                0x0000000000001b7e                lcd_clear
 .text.lcd_draw_point
                0x0000000000001bc4       0x1e ./General_File/driver/st7789.o
                0x0000000000001bc4                lcd_draw_point
 .text.lcd_show_char
                0x0000000000001be2      0x110 ./General_File/driver/st7789.o
                0x0000000000001be2                lcd_show_char
 .text.lcd_init
                0x0000000000001cf2      0x1f0 ./General_File/driver/st7789.o
                0x0000000000001cf2                lcd_init
 .text.EXTI0_IRQHandler
                0x0000000000001ee2       0x2e ./General_File/system.o
                0x0000000000001ee2                EXTI0_IRQHandler
 .text.TIM6_IRQHandler
                0x0000000000001f10       0x32 ./General_File/system.o
                0x0000000000001f10                TIM6_IRQHandler
 .text.Delay_Init
                0x0000000000001f42       0x26 ./Debug/debug.o
                0x0000000000001f42                Delay_Init
 .text.Delay_Us
                0x0000000000001f68       0x36 ./Debug/debug.o
                0x0000000000001f68                Delay_Us
 .text.Delay_Ms
                0x0000000000001f9e       0x36 ./Debug/debug.o
                0x0000000000001f9e                Delay_Ms
 .text.USART_Printf_Init
                0x0000000000001fd4       0x5a ./Debug/debug.o
                0x0000000000001fd4                USART_Printf_Init
 .text._write   0x000000000000202e       0x3e ./Debug/debug.o
                0x000000000000202e                _write
 .text.__get_MEPC
                0x000000000000206c        0x6 ./Core/core_riscv.o
                0x000000000000206c                __get_MEPC
 .text.__get_MCAUSE
                0x0000000000002072        0x6 ./Core/core_riscv.o
                0x0000000000002072                __get_MCAUSE
 .text.__get_MTVAL
                0x0000000000002078        0x6 ./Core/core_riscv.o
                0x0000000000002078                __get_MTVAL
 .text.WCHNET_PeriodicHandle
                0x000000000000207e      0x19a C:\ch32\data\CH32V307EVT\EVT\EXAM\ETH\NetLib\libwchnet.a(eth_api.o)
                0x000000000000207e                WCHNET_PeriodicHandle
 .text.WCHNET_NetInput
                0x0000000000002218       0x14 C:\ch32\data\CH32V307EVT\EVT\EXAM\ETH\NetLib\libwchnet.a(eth_api.o)
                0x0000000000002218                WCHNET_NetInput
 .text.WCHNET_PhyStatus
                0x000000000000222c       0x4e C:\ch32\data\CH32V307EVT\EVT\EXAM\ETH\NetLib\libwchnet.a(eth_api.o)
                0x000000000000222c                WCHNET_PhyStatus
 .text.WCHNET_Rx
                0x000000000000227a       0x7c C:\ch32\data\CH32V307EVT\EVT\EXAM\ETH\NetLib\libwchnet.a(eth_api.o)
                0x000000000000227a                WCHNET_Rx
 .text.setRxBuffAddr
                0x00000000000022f6       0x12 C:\ch32\data\CH32V307EVT\EVT\EXAM\ETH\NetLib\libwchnet.a(eth_api.o)
                0x00000000000022f6                setRxBuffAddr
 .text.WCHNET_Tx
                0x0000000000002308       0x32 C:\ch32\data\CH32V307EVT\EVT\EXAM\ETH\NetLib\libwchnet.a(eth_api.o)
                0x0000000000002308                WCHNET_Tx
 .text.getTxBuffAddr
                0x000000000000233a       0x4c C:\ch32\data\CH32V307EVT\EVT\EXAM\ETH\NetLib\libwchnet.a(eth_api.o)
                0x000000000000233a                getTxBuffAddr
 .text.IPCheckParaInit
                0x0000000000002386       0x1e C:\ch32\data\CH32V307EVT\EVT\EXAM\ETH\NetLib\libwchnet.a(ipcheck.o)
                0x0000000000002386                IPCheckParaInit
 .text.SelIPARPSend
                0x00000000000023a4       0x38 C:\ch32\data\CH32V307EVT\EVT\EXAM\ETH\NetLib\libwchnet.a(ipcheck.o)
                0x00000000000023a4                SelIPARPSend
 .text.IPCheckTmr
                0x00000000000023dc       0x3e C:\ch32\data\CH32V307EVT\EVT\EXAM\ETH\NetLib\libwchnet.a(ipcheck.o)
                0x00000000000023dc                IPCheckTmr
 .text.IPConflictHandle
                0x000000000000241a       0x2e C:\ch32\data\CH32V307EVT\EVT\EXAM\ETH\NetLib\libwchnet.a(ipcheck.o)
                0x000000000000241a                IPConflictHandle
 .text.NET_TCPError
                0x0000000000002448        0x2 C:\ch32\data\CH32V307EVT\EVT\EXAM\ETH\NetLib\libwchnet.a(socket.o)
                0x0000000000002448                NET_TCPError
 .text.LwipTCPSendCallBack
                0x000000000000244a       0x3e C:\ch32\data\CH32V307EVT\EVT\EXAM\ETH\NetLib\libwchnet.a(socket.o)
                0x000000000000244a                LwipTCPSendCallBack
 .text.LwipTCPPollCallBack
                0x0000000000002488        0x4 C:\ch32\data\CH32V307EVT\EVT\EXAM\ETH\NetLib\libwchnet.a(socket.o)
                0x0000000000002488                LwipTCPPollCallBack
 .text.SocketIPRAWReceive
                0x000000000000248c       0xc0 C:\ch32\data\CH32V307EVT\EVT\EXAM\ETH\NetLib\libwchnet.a(socket.o)
                0x000000000000248c                SocketIPRAWReceive
 .text.SocketUdpReceive
                0x000000000000254c       0xd6 C:\ch32\data\CH32V307EVT\EVT\EXAM\ETH\NetLib\libwchnet.a(socket.o)
                0x000000000000254c                SocketUdpReceive
 .text.WCHSocketTCPReceive
                0x0000000000002622       0xd2 C:\ch32\data\CH32V307EVT\EVT\EXAM\ETH\NetLib\libwchnet.a(socket.o)
                0x0000000000002622                WCHSocketTCPReceive
 .text.LwipTcpConnectedCallBack
                0x00000000000026f4       0x42 C:\ch32\data\CH32V307EVT\EVT\EXAM\ETH\NetLib\libwchnet.a(socket.o)
                0x00000000000026f4                LwipTcpConnectedCallBack
 .text.ErrorEncode
                0x0000000000002736       0x1a C:\ch32\data\CH32V307EVT\EVT\EXAM\ETH\NetLib\libwchnet.a(socket.o)
                0x0000000000002736                ErrorEncode
 .text.WCHSocketInit
                0x0000000000002750       0x4c C:\ch32\data\CH32V307EVT\EVT\EXAM\ETH\NetLib\libwchnet.a(socket.o)
                0x0000000000002750                WCHSocketInit
 .text.WCHNET_Init
                0x000000000000279c       0xac C:\ch32\data\CH32V307EVT\EVT\EXAM\ETH\NetLib\libwchnet.a(socket.o)
                0x000000000000279c                WCHNET_Init
 .text.WCHNET_ConfigKeepLive
                0x0000000000002848       0x16 C:\ch32\data\CH32V307EVT\EVT\EXAM\ETH\NetLib\libwchnet.a(socket.o)
                0x0000000000002848                WCHNET_ConfigKeepLive
 .text.WCHNET_ConfigLIB
                0x000000000000285e      0x120 C:\ch32\data\CH32V307EVT\EVT\EXAM\ETH\NetLib\libwchnet.a(socket.o)
                0x000000000000285e                WCHNET_ConfigLIB
 .text.WCHNET_GetVer
                0x000000000000297e        0x4 C:\ch32\data\CH32V307EVT\EVT\EXAM\ETH\NetLib\libwchnet.a(socket.o)
                0x000000000000297e                WCHNET_GetVer
 .text.WCHFindCorrectTCBPcb
                0x0000000000002982       0x5e C:\ch32\data\CH32V307EVT\EVT\EXAM\ETH\NetLib\libwchnet.a(socket.o)
                0x0000000000002982                WCHFindCorrectTCBPcb
 .text.WCHNET_SocketCreat
                0x00000000000029e0      0x1d2 C:\ch32\data\CH32V307EVT\EVT\EXAM\ETH\NetLib\libwchnet.a(socket.o)
                0x00000000000029e0                WCHNET_SocketCreat
 .text.tcp_recved_socket
                0x0000000000002bb2       0x36 C:\ch32\data\CH32V307EVT\EVT\EXAM\ETH\NetLib\libwchnet.a(socket.o)
                0x0000000000002bb2                tcp_recved_socket
 .text.WCHNET_ModifyRecvBuf
                0x0000000000002be8       0x52 C:\ch32\data\CH32V307EVT\EVT\EXAM\ETH\NetLib\libwchnet.a(socket.o)
                0x0000000000002be8                WCHNET_ModifyRecvBuf
 .text.WCHNET_SocketRecv
                0x0000000000002c3a       0xf4 C:\ch32\data\CH32V307EVT\EVT\EXAM\ETH\NetLib\libwchnet.a(socket.o)
                0x0000000000002c3a                WCHNET_SocketRecv
 .text.SocketIPRawSend
                0x0000000000002d2e       0xbe C:\ch32\data\CH32V307EVT\EVT\EXAM\ETH\NetLib\libwchnet.a(socket.o)
                0x0000000000002d2e                SocketIPRawSend
 .text.SocketUdpSend
                0x0000000000002dec       0xbe C:\ch32\data\CH32V307EVT\EVT\EXAM\ETH\NetLib\libwchnet.a(socket.o)
                0x0000000000002dec                SocketUdpSend
 .text.SocketTcpSend
                0x0000000000002eaa      0x100 C:\ch32\data\CH32V307EVT\EVT\EXAM\ETH\NetLib\libwchnet.a(socket.o)
                0x0000000000002eaa                SocketTcpSend
 .text.WCHNET_SocketSend
                0x0000000000002faa       0x56 C:\ch32\data\CH32V307EVT\EVT\EXAM\ETH\NetLib\libwchnet.a(socket.o)
                0x0000000000002faa                WCHNET_SocketSend
 .text.WCHScokedIntHandle
                0x0000000000003000       0x52 C:\ch32\data\CH32V307EVT\EVT\EXAM\ETH\NetLib\libwchnet.a(socket.o)
                0x0000000000003000                WCHScokedIntHandle
 .text.LwipRemoveTcpPcb
                0x0000000000003052       0xa6 C:\ch32\data\CH32V307EVT\EVT\EXAM\ETH\NetLib\libwchnet.a(socket.o)
                0x0000000000003052                LwipRemoveTcpPcb
 .text.WCHNET_QueryGlobalInt
                0x00000000000030f8       0x3e C:\ch32\data\CH32V307EVT\EVT\EXAM\ETH\NetLib\libwchnet.a(socket.o)
                0x00000000000030f8                WCHNET_QueryGlobalInt
 .text.WCHNET_GetGlobalInt
                0x0000000000003136       0x14 C:\ch32\data\CH32V307EVT\EVT\EXAM\ETH\NetLib\libwchnet.a(socket.o)
                0x0000000000003136                WCHNET_GetGlobalInt
 .text.WCHNET_GetSocketInt
                0x000000000000314a       0x2a C:\ch32\data\CH32V307EVT\EVT\EXAM\ETH\NetLib\libwchnet.a(socket.o)
                0x000000000000314a                WCHNET_GetSocketInt
 .text.WCHNET_GetPHYStatus
                0x0000000000003174        0xa C:\ch32\data\CH32V307EVT\EVT\EXAM\ETH\NetLib\libwchnet.a(socket.o)
                0x0000000000003174                WCHNET_GetPHYStatus
 .text.WCHNET_SocketSetKeepLive
                0x000000000000317e       0x54 C:\ch32\data\CH32V307EVT\EVT\EXAM\ETH\NetLib\libwchnet.a(socket.o)
                0x000000000000317e                WCHNET_SocketSetKeepLive
 .text.WCHNET_SocketConnect
                0x00000000000031d2       0x6c C:\ch32\data\CH32V307EVT\EVT\EXAM\ETH\NetLib\libwchnet.a(socket.o)
                0x00000000000031d2                WCHNET_SocketConnect
 .text.QueryPingEnable
                0x000000000000323e        0xe C:\ch32\data\CH32V307EVT\EVT\EXAM\ETH\NetLib\libwchnet.a(socket.o)
                0x000000000000323e                QueryPingEnable
 .text.LwipUnreachPort
                0x000000000000324c       0x1a C:\ch32\data\CH32V307EVT\EVT\EXAM\ETH\NetLib\libwchnet.a(socket.o)
                0x000000000000324c                LwipUnreachPort
 .text.LwipArpCheck
                0x0000000000003266        0xc C:\ch32\data\CH32V307EVT\EVT\EXAM\ETH\NetLib\libwchnet.a(socket.o)
                0x0000000000003266                LwipArpCheck
 .text.find_entry
                0x0000000000003272      0x17e C:\ch32\data\CH32V307EVT\EVT\EXAM\ETH\NetLib\libwchnet.a(etharp.o)
 .text.update_arp_entry
                0x00000000000033f0       0xae C:\ch32\data\CH32V307EVT\EVT\EXAM\ETH\NetLib\libwchnet.a(etharp.o)
 .text.etharp_tmr
                0x000000000000349e       0x4e C:\ch32\data\CH32V307EVT\EVT\EXAM\ETH\NetLib\libwchnet.a(etharp.o)
                0x000000000000349e                etharp_tmr
 .text.etharp_ip_input
                0x00000000000034ec       0x5a C:\ch32\data\CH32V307EVT\EVT\EXAM\ETH\NetLib\libwchnet.a(etharp.o)
                0x00000000000034ec                etharp_ip_input
 .text.etharp_arp_input
                0x0000000000003546      0x168 C:\ch32\data\CH32V307EVT\EVT\EXAM\ETH\NetLib\libwchnet.a(etharp.o)
                0x0000000000003546                etharp_arp_input
 .text.etharp_request
                0x00000000000036ae       0xce C:\ch32\data\CH32V307EVT\EVT\EXAM\ETH\NetLib\libwchnet.a(etharp.o)
                0x00000000000036ae                etharp_request
 .text.etharp_query
                0x000000000000377c       0xe2 C:\ch32\data\CH32V307EVT\EVT\EXAM\ETH\NetLib\libwchnet.a(etharp.o)
                0x000000000000377c                etharp_query
 .text.etharp_output
                0x000000000000385e      0x134 C:\ch32\data\CH32V307EVT\EVT\EXAM\ETH\NetLib\libwchnet.a(etharp.o)
                0x000000000000385e                etharp_output
 .text.ethernet_input
                0x0000000000003992       0x86 C:\ch32\data\CH32V307EVT\EVT\EXAM\ETH\NetLib\libwchnet.a(etharp.o)
                0x0000000000003992                ethernet_input
 .text.ethernetif_init
                0x0000000000003a18       0x64 C:\ch32\data\CH32V307EVT\EVT\EXAM\ETH\NetLib\libwchnet.a(ethernetif.o)
                0x0000000000003a18                ethernetif_init
 .text.low_level_output
                0x0000000000003a7c       0x52 C:\ch32\data\CH32V307EVT\EVT\EXAM\ETH\NetLib\libwchnet.a(ethernetif.o)
 .text.ethernetif_input
                0x0000000000003ace       0x70 C:\ch32\data\CH32V307EVT\EVT\EXAM\ETH\NetLib\libwchnet.a(ethernetif.o)
                0x0000000000003ace                ethernetif_input
 .text.wch_ethernetif_init
                0x0000000000003b3e       0x76 C:\ch32\data\CH32V307EVT\EVT\EXAM\ETH\NetLib\libwchnet.a(ethernetif.o)
                0x0000000000003b3e                wch_ethernetif_init
 .text.htons    0x0000000000003bb4        0xe C:\ch32\data\CH32V307EVT\EVT\EXAM\ETH\NetLib\libwchnet.a(inet.o)
                0x0000000000003bb4                htons
 .text.ntohs    0x0000000000003bc2        0xe C:\ch32\data\CH32V307EVT\EVT\EXAM\ETH\NetLib\libwchnet.a(inet.o)
                0x0000000000003bc2                ntohs
 .text.htonl    0x0000000000003bd0       0x24 C:\ch32\data\CH32V307EVT\EVT\EXAM\ETH\NetLib\libwchnet.a(inet.o)
                0x0000000000003bd0                htonl
 .text.ntohl    0x0000000000003bf4        0xc C:\ch32\data\CH32V307EVT\EVT\EXAM\ETH\NetLib\libwchnet.a(inet.o)
                0x0000000000003bf4                ntohl
 .text.ip_route
                0x0000000000003c00       0x4c C:\ch32\data\CH32V307EVT\EVT\EXAM\ETH\NetLib\libwchnet.a(ip.o)
                0x0000000000003c00                ip_route
 .text.ip_input
                0x0000000000003c4c      0x29a C:\ch32\data\CH32V307EVT\EVT\EXAM\ETH\NetLib\libwchnet.a(ip.o)
                0x0000000000003c4c                ip_input
 .text.ip_output_if
                0x0000000000003ee6      0x15a C:\ch32\data\CH32V307EVT\EVT\EXAM\ETH\NetLib\libwchnet.a(ip.o)
                0x0000000000003ee6                ip_output_if
 .text.ip_output
                0x0000000000004040       0x36 C:\ch32\data\CH32V307EVT\EVT\EXAM\ETH\NetLib\libwchnet.a(ip.o)
                0x0000000000004040                ip_output
 .text.ip_addr_isbroadcast
                0x0000000000004076       0x4a C:\ch32\data\CH32V307EVT\EVT\EXAM\ETH\NetLib\libwchnet.a(ip_addr.o)
                0x0000000000004076                ip_addr_isbroadcast
 .text.ip_reass_tmr
                0x00000000000040c0       0xe6 C:\ch32\data\CH32V307EVT\EVT\EXAM\ETH\NetLib\libwchnet.a(ip_frag.o)
                0x00000000000040c0                ip_reass_tmr
 .text.ip_reass
                0x00000000000041a6      0x3dc C:\ch32\data\CH32V307EVT\EVT\EXAM\ETH\NetLib\libwchnet.a(ip_frag.o)
                0x00000000000041a6                ip_reass
 .text.ip_frag  0x0000000000004582      0x17e C:\ch32\data\CH32V307EVT\EVT\EXAM\ETH\NetLib\libwchnet.a(ip_frag.o)
                0x0000000000004582                ip_frag
 .text.dhcp_set_state
                0x0000000000004700        0xe C:\ch32\data\CH32V307EVT\EVT\EXAM\ETH\NetLib\libwchnet.a(dhcp.o)
 .text.dhcp_option
                0x000000000000470e       0x20 C:\ch32\data\CH32V307EVT\EVT\EXAM\ETH\NetLib\libwchnet.a(dhcp.o)
 .text.dhcp_option_byte
                0x000000000000472e       0x12 C:\ch32\data\CH32V307EVT\EVT\EXAM\ETH\NetLib\libwchnet.a(dhcp.o)
 .text.dhcp_option_long
                0x0000000000004740       0x48 C:\ch32\data\CH32V307EVT\EVT\EXAM\ETH\NetLib\libwchnet.a(dhcp.o)
 .text.dhcp_option_trailer
                0x0000000000004788       0x34 C:\ch32\data\CH32V307EVT\EVT\EXAM\ETH\NetLib\libwchnet.a(dhcp.o)
 .text.dhcp_create_request
                0x00000000000047bc      0x17e C:\ch32\data\CH32V307EVT\EVT\EXAM\ETH\NetLib\libwchnet.a(dhcp.o)
 .text.dhcp_delete_request
                0x000000000000493a       0x1e C:\ch32\data\CH32V307EVT\EVT\EXAM\ETH\NetLib\libwchnet.a(dhcp.o)
 .text.dhcp_arp_reply
                0x0000000000004958      0x182 C:\ch32\data\CH32V307EVT\EVT\EXAM\ETH\NetLib\libwchnet.a(dhcp.o)
                0x0000000000004958                dhcp_arp_reply
 .text.lwip_init
                0x0000000000004ada       0x18 C:\ch32\data\CH32V307EVT\EVT\EXAM\ETH\NetLib\libwchnet.a(init.o)
                0x0000000000004ada                lwip_init
 .text.mem_init
                0x0000000000004af2       0x3e C:\ch32\data\CH32V307EVT\EVT\EXAM\ETH\NetLib\libwchnet.a(mem.o)
                0x0000000000004af2                mem_init
 .text.mem_free
                0x0000000000004b30       0x84 C:\ch32\data\CH32V307EVT\EVT\EXAM\ETH\NetLib\libwchnet.a(mem.o)
                0x0000000000004b30                mem_free
 .text.mem_realloc
                0x0000000000004bb4       0xca C:\ch32\data\CH32V307EVT\EVT\EXAM\ETH\NetLib\libwchnet.a(mem.o)
                0x0000000000004bb4                mem_realloc
 .text.mem_malloc
                0x0000000000004c7e       0xd0 C:\ch32\data\CH32V307EVT\EVT\EXAM\ETH\NetLib\libwchnet.a(mem.o)
                0x0000000000004c7e                mem_malloc
 .text.memp_init
                0x0000000000004d4e       0x50 C:\ch32\data\CH32V307EVT\EVT\EXAM\ETH\NetLib\libwchnet.a(memp.o)
                0x0000000000004d4e                memp_init
 .text.memp_malloc
                0x0000000000004d9e       0x20 C:\ch32\data\CH32V307EVT\EVT\EXAM\ETH\NetLib\libwchnet.a(memp.o)
                0x0000000000004d9e                memp_malloc
 .text.memp_free
                0x0000000000004dbe       0x18 C:\ch32\data\CH32V307EVT\EVT\EXAM\ETH\NetLib\libwchnet.a(memp.o)
                0x0000000000004dbe                memp_free
 .text.netif_set_ipaddr
                0x0000000000004dd6       0x96 C:\ch32\data\CH32V307EVT\EVT\EXAM\ETH\NetLib\libwchnet.a(netif.o)
                0x0000000000004dd6                netif_set_ipaddr
 .text.netif_set_addr
                0x0000000000004e6c       0x4e C:\ch32\data\CH32V307EVT\EVT\EXAM\ETH\NetLib\libwchnet.a(netif.o)
                0x0000000000004e6c                netif_set_addr
 .text.netif_add
                0x0000000000004eba       0x5a C:\ch32\data\CH32V307EVT\EVT\EXAM\ETH\NetLib\libwchnet.a(netif.o)
                0x0000000000004eba                netif_add
 .text.netif_set_default
                0x0000000000004f14        0x6 C:\ch32\data\CH32V307EVT\EVT\EXAM\ETH\NetLib\libwchnet.a(netif.o)
                0x0000000000004f14                netif_set_default
 .text.netif_is_up
                0x0000000000004f1a        0x8 C:\ch32\data\CH32V307EVT\EVT\EXAM\ETH\NetLib\libwchnet.a(netif.o)
                0x0000000000004f1a                netif_is_up
 .text.pbuf_header
                0x0000000000004f22       0x6e C:\ch32\data\CH32V307EVT\EVT\EXAM\ETH\NetLib\libwchnet.a(pbuf.o)
                0x0000000000004f22                pbuf_header
 .text.pbuf_free
                0x0000000000004f90       0x4e C:\ch32\data\CH32V307EVT\EVT\EXAM\ETH\NetLib\libwchnet.a(pbuf.o)
                0x0000000000004f90                pbuf_free
 .text.pbuf_alloc
                0x0000000000004fde      0x140 C:\ch32\data\CH32V307EVT\EVT\EXAM\ETH\NetLib\libwchnet.a(pbuf.o)
                0x0000000000004fde                pbuf_alloc
 .text.pbuf_realloc
                0x000000000000511e       0x58 C:\ch32\data\CH32V307EVT\EVT\EXAM\ETH\NetLib\libwchnet.a(pbuf.o)
                0x000000000000511e                pbuf_realloc
 .text.pbuf_clen
                0x0000000000005176       0x12 C:\ch32\data\CH32V307EVT\EVT\EXAM\ETH\NetLib\libwchnet.a(pbuf.o)
                0x0000000000005176                pbuf_clen
 .text.pbuf_ref
                0x0000000000005188        0xa C:\ch32\data\CH32V307EVT\EVT\EXAM\ETH\NetLib\libwchnet.a(pbuf.o)
                0x0000000000005188                pbuf_ref
 .text.pbuf_cat
                0x0000000000005192       0x1c C:\ch32\data\CH32V307EVT\EVT\EXAM\ETH\NetLib\libwchnet.a(pbuf.o)
                0x0000000000005192                pbuf_cat
 .text.pbuf_chain
                0x00000000000051ae       0x14 C:\ch32\data\CH32V307EVT\EVT\EXAM\ETH\NetLib\libwchnet.a(pbuf.o)
                0x00000000000051ae                pbuf_chain
 .text.pbuf_copy
                0x00000000000051c2       0x9c C:\ch32\data\CH32V307EVT\EVT\EXAM\ETH\NetLib\libwchnet.a(pbuf.o)
                0x00000000000051c2                pbuf_copy
 .text.raw_input
                0x000000000000525e       0x68 C:\ch32\data\CH32V307EVT\EVT\EXAM\ETH\NetLib\libwchnet.a(raw.o)
                0x000000000000525e                raw_input
 .text.raw_bind
                0x00000000000052c6       0x1e C:\ch32\data\CH32V307EVT\EVT\EXAM\ETH\NetLib\libwchnet.a(raw.o)
                0x00000000000052c6                raw_bind
 .text.raw_connect
                0x00000000000052e4       0x1e C:\ch32\data\CH32V307EVT\EVT\EXAM\ETH\NetLib\libwchnet.a(raw.o)
                0x00000000000052e4                raw_connect
 .text.raw_recv
                0x0000000000005302        0x6 C:\ch32\data\CH32V307EVT\EVT\EXAM\ETH\NetLib\libwchnet.a(raw.o)
                0x0000000000005302                raw_recv
 .text.raw_sendto
                0x0000000000005308       0x7e C:\ch32\data\CH32V307EVT\EVT\EXAM\ETH\NetLib\libwchnet.a(raw.o)
                0x0000000000005308                raw_sendto
 .text.raw_send
                0x0000000000005386       0x10 C:\ch32\data\CH32V307EVT\EVT\EXAM\ETH\NetLib\libwchnet.a(raw.o)
                0x0000000000005386                raw_send
 .text.raw_new  0x0000000000005396       0x30 C:\ch32\data\CH32V307EVT\EVT\EXAM\ETH\NetLib\libwchnet.a(raw.o)
                0x0000000000005396                raw_new
 .text.tcp_new_port
                0x00000000000053c6       0x5c C:\ch32\data\CH32V307EVT\EVT\EXAM\ETH\NetLib\libwchnet.a(tcp.o)
 .text.tcp_bind
                0x0000000000005422      0x116 C:\ch32\data\CH32V307EVT\EVT\EXAM\ETH\NetLib\libwchnet.a(tcp.o)
                0x0000000000005422                tcp_bind
 .text.tcp_update_rcv_ann_wnd
                0x0000000000005538       0x48 C:\ch32\data\CH32V307EVT\EVT\EXAM\ETH\NetLib\libwchnet.a(tcp.o)
                0x0000000000005538                tcp_update_rcv_ann_wnd
 .text.tcp_recved
                0x0000000000005580       0x3c C:\ch32\data\CH32V307EVT\EVT\EXAM\ETH\NetLib\libwchnet.a(tcp.o)
                0x0000000000005580                tcp_recved
 .text.tcp_seg_free
                0x00000000000055bc       0x2a C:\ch32\data\CH32V307EVT\EVT\EXAM\ETH\NetLib\libwchnet.a(tcp.o)
                0x00000000000055bc                tcp_seg_free
 .text.tcp_segs_free
                0x00000000000055e6       0x1e C:\ch32\data\CH32V307EVT\EVT\EXAM\ETH\NetLib\libwchnet.a(tcp.o)
                0x00000000000055e6                tcp_segs_free
 .text.tcp_seg_copy
                0x0000000000005604       0x28 C:\ch32\data\CH32V307EVT\EVT\EXAM\ETH\NetLib\libwchnet.a(tcp.o)
                0x0000000000005604                tcp_seg_copy
 .text.tcp_arg  0x000000000000562c        0x4 C:\ch32\data\CH32V307EVT\EVT\EXAM\ETH\NetLib\libwchnet.a(tcp.o)
                0x000000000000562c                tcp_arg
 .text.tcp_recv
                0x0000000000005630        0x6 C:\ch32\data\CH32V307EVT\EVT\EXAM\ETH\NetLib\libwchnet.a(tcp.o)
                0x0000000000005630                tcp_recv
 .text.tcp_sent
                0x0000000000005636        0x6 C:\ch32\data\CH32V307EVT\EVT\EXAM\ETH\NetLib\libwchnet.a(tcp.o)
                0x0000000000005636                tcp_sent
 .text.tcp_err  0x000000000000563c        0x6 C:\ch32\data\CH32V307EVT\EVT\EXAM\ETH\NetLib\libwchnet.a(tcp.o)
                0x000000000000563c                tcp_err
 .text.tcp_poll
                0x0000000000005642        0xa C:\ch32\data\CH32V307EVT\EVT\EXAM\ETH\NetLib\libwchnet.a(tcp.o)
                0x0000000000005642                tcp_poll
 .text.tcp_pcb_purge
                0x000000000000564c       0x4e C:\ch32\data\CH32V307EVT\EVT\EXAM\ETH\NetLib\libwchnet.a(tcp.o)
                0x000000000000564c                tcp_pcb_purge
 .text.tcp_slowtmr
                0x000000000000569a      0x29e C:\ch32\data\CH32V307EVT\EVT\EXAM\ETH\NetLib\libwchnet.a(tcp.o)
                0x000000000000569a                tcp_slowtmr
 .text.tcp_pcb_remove
                0x0000000000005938       0x72 C:\ch32\data\CH32V307EVT\EVT\EXAM\ETH\NetLib\libwchnet.a(tcp.o)
                0x0000000000005938                tcp_pcb_remove
 .text.tcp_close
                0x00000000000059aa       0xb2 C:\ch32\data\CH32V307EVT\EVT\EXAM\ETH\NetLib\libwchnet.a(tcp.o)
                0x00000000000059aa                tcp_close
 .text.tcp_recv_null
                0x0000000000005a5c       0x30 C:\ch32\data\CH32V307EVT\EVT\EXAM\ETH\NetLib\libwchnet.a(tcp.o)
                0x0000000000005a5c                tcp_recv_null
 .text.tcp_fasttmr
                0x0000000000005a8c       0x62 C:\ch32\data\CH32V307EVT\EVT\EXAM\ETH\NetLib\libwchnet.a(tcp.o)
                0x0000000000005a8c                tcp_fasttmr
 .text.tcp_tmr  0x0000000000005aee       0x22 C:\ch32\data\CH32V307EVT\EVT\EXAM\ETH\NetLib\libwchnet.a(tcp.o)
                0x0000000000005aee                tcp_tmr
 .text.tcp_abandon
                0x0000000000005b10       0x9a C:\ch32\data\CH32V307EVT\EVT\EXAM\ETH\NetLib\libwchnet.a(tcp.o)
                0x0000000000005b10                tcp_abandon
 .text.tcp_next_iss
                0x0000000000005baa       0x10 C:\ch32\data\CH32V307EVT\EVT\EXAM\ETH\NetLib\libwchnet.a(tcp.o)
                0x0000000000005baa                tcp_next_iss
 .text.tcp_alloc
                0x0000000000005bba      0x134 C:\ch32\data\CH32V307EVT\EVT\EXAM\ETH\NetLib\libwchnet.a(tcp.o)
                0x0000000000005bba                tcp_alloc
 .text.tcp_new  0x0000000000005cee       0x10 C:\ch32\data\CH32V307EVT\EVT\EXAM\ETH\NetLib\libwchnet.a(tcp.o)
                0x0000000000005cee                tcp_new
 .text.tcp_eff_send_mss
                0x0000000000005cfe       0x2e C:\ch32\data\CH32V307EVT\EVT\EXAM\ETH\NetLib\libwchnet.a(tcp.o)
                0x0000000000005cfe                tcp_eff_send_mss
 .text.tcp_connect
                0x0000000000005d2c       0xe8 C:\ch32\data\CH32V307EVT\EVT\EXAM\ETH\NetLib\libwchnet.a(tcp.o)
                0x0000000000005d2c                tcp_connect
 .text.RemoveTimeWaiTCP
                0x0000000000005e14       0x32 C:\ch32\data\CH32V307EVT\EVT\EXAM\ETH\NetLib\libwchnet.a(tcp.o)
                0x0000000000005e14                RemoveTimeWaiTCP
 .text.tcp_oos_insert_segment
                0x0000000000005e46       0xce C:\ch32\data\CH32V307EVT\EVT\EXAM\ETH\NetLib\libwchnet.a(tcp_in.o)
 .text.tcp_receive
                0x0000000000005f14      0x8f0 C:\ch32\data\CH32V307EVT\EVT\EXAM\ETH\NetLib\libwchnet.a(tcp_in.o)
 .text.tcp_parseopt.isra.0
                0x0000000000006804       0xa6 C:\ch32\data\CH32V307EVT\EVT\EXAM\ETH\NetLib\libwchnet.a(tcp_in.o)
 .text.tcp_input
                0x00000000000068aa      0x9d4 C:\ch32\data\CH32V307EVT\EVT\EXAM\ETH\NetLib\libwchnet.a(tcp_in.o)
                0x00000000000068aa                tcp_input
 .text.tcp_output_set_header.isra.0.constprop.1
                0x000000000000727e       0xd4 C:\ch32\data\CH32V307EVT\EVT\EXAM\ETH\NetLib\libwchnet.a(tcp_out.o)
 .text.tcp_enqueue
                0x0000000000007352      0x448 C:\ch32\data\CH32V307EVT\EVT\EXAM\ETH\NetLib\libwchnet.a(tcp_out.o)
                0x0000000000007352                tcp_enqueue
 .text.tcp_send_ctrl
                0x000000000000779a       0x16 C:\ch32\data\CH32V307EVT\EVT\EXAM\ETH\NetLib\libwchnet.a(tcp_out.o)
                0x000000000000779a                tcp_send_ctrl
 .text.tcp_write
                0x00000000000077b0       0x30 C:\ch32\data\CH32V307EVT\EVT\EXAM\ETH\NetLib\libwchnet.a(tcp_out.o)
                0x00000000000077b0                tcp_write
 .text.tcp_send_empty_ack
                0x00000000000077e0       0x74 C:\ch32\data\CH32V307EVT\EVT\EXAM\ETH\NetLib\libwchnet.a(tcp_out.o)
                0x00000000000077e0                tcp_send_empty_ack
 .text.tcp_output
                0x0000000000007854      0x374 C:\ch32\data\CH32V307EVT\EVT\EXAM\ETH\NetLib\libwchnet.a(tcp_out.o)
                0x0000000000007854                tcp_output
 .text.tcp_rst  0x0000000000007bc8      0x108 C:\ch32\data\CH32V307EVT\EVT\EXAM\ETH\NetLib\libwchnet.a(tcp_out.o)
                0x0000000000007bc8                tcp_rst
 .text.tcp_rexmit_rto
                0x0000000000007cd0       0x36 C:\ch32\data\CH32V307EVT\EVT\EXAM\ETH\NetLib\libwchnet.a(tcp_out.o)
                0x0000000000007cd0                tcp_rexmit_rto
 .text.tcp_rexmit
                0x0000000000007d06       0x7c C:\ch32\data\CH32V307EVT\EVT\EXAM\ETH\NetLib\libwchnet.a(tcp_out.o)
                0x0000000000007d06                tcp_rexmit
 .text.tcp_rexmit_fast
                0x0000000000007d82       0x62 C:\ch32\data\CH32V307EVT\EVT\EXAM\ETH\NetLib\libwchnet.a(tcp_out.o)
                0x0000000000007d82                tcp_rexmit_fast
 .text.tcp_keepalive
                0x0000000000007de4       0x5e C:\ch32\data\CH32V307EVT\EVT\EXAM\ETH\NetLib\libwchnet.a(tcp_out.o)
                0x0000000000007de4                tcp_keepalive
 .text.tcp_zero_window_probe
                0x0000000000007e42       0xd2 C:\ch32\data\CH32V307EVT\EVT\EXAM\ETH\NetLib\libwchnet.a(tcp_out.o)
                0x0000000000007e42                tcp_zero_window_probe
 .text.udp_input
                0x0000000000007f14      0x238 C:\ch32\data\CH32V307EVT\EVT\EXAM\ETH\NetLib\libwchnet.a(udp.o)
                0x0000000000007f14                udp_input
 .text.udp_bind
                0x000000000000814c       0x9a C:\ch32\data\CH32V307EVT\EVT\EXAM\ETH\NetLib\libwchnet.a(udp.o)
                0x000000000000814c                udp_bind
 .text.udp_sendto_if
                0x00000000000081e6       0xd6 C:\ch32\data\CH32V307EVT\EVT\EXAM\ETH\NetLib\libwchnet.a(udp.o)
                0x00000000000081e6                udp_sendto_if
 .text.udp_sendto
                0x00000000000082bc       0x2e C:\ch32\data\CH32V307EVT\EVT\EXAM\ETH\NetLib\libwchnet.a(udp.o)
                0x00000000000082bc                udp_sendto
 .text.udp_send
                0x00000000000082ea       0x12 C:\ch32\data\CH32V307EVT\EVT\EXAM\ETH\NetLib\libwchnet.a(udp.o)
                0x00000000000082ea                udp_send
 .text.udp_connect
                0x00000000000082fc       0x7e C:\ch32\data\CH32V307EVT\EVT\EXAM\ETH\NetLib\libwchnet.a(udp.o)
                0x00000000000082fc                udp_connect
 .text.udp_recv
                0x000000000000837a        0x6 C:\ch32\data\CH32V307EVT\EVT\EXAM\ETH\NetLib\libwchnet.a(udp.o)
                0x000000000000837a                udp_recv
 .text.udp_new  0x0000000000008380       0x24 C:\ch32\data\CH32V307EVT\EVT\EXAM\ETH\NetLib\libwchnet.a(udp.o)
                0x0000000000008380                udp_new
 .text.icmp_send_response.isra.0
                0x00000000000083a4       0x76 C:\ch32\data\CH32V307EVT\EVT\EXAM\ETH\NetLib\libwchnet.a(icmp.o)
 .text.icmp_input
                0x000000000000841a      0x250 C:\ch32\data\CH32V307EVT\EVT\EXAM\ETH\NetLib\libwchnet.a(icmp.o)
                0x000000000000841a                icmp_input
 .text.icmp_dest_unreach
                0x000000000000866a       0x14 C:\ch32\data\CH32V307EVT\EVT\EXAM\ETH\NetLib\libwchnet.a(icmp.o)
                0x000000000000866a                icmp_dest_unreach
 .text.icmp_time_exceeded
                0x000000000000867e       0x14 C:\ch32\data\CH32V307EVT\EVT\EXAM\ETH\NetLib\libwchnet.a(icmp.o)
                0x000000000000867e                icmp_time_exceeded
 .text.lwip_standard_chksum
                0x0000000000008692       0x7e C:\ch32\data\CH32V307EVT\EVT\EXAM\ETH\NetLib\libwchnet.a(inet_chksum.o)
 .text.inet_chksum_pseudo
                0x0000000000008710      0x10a C:\ch32\data\CH32V307EVT\EVT\EXAM\ETH\NetLib\libwchnet.a(inet_chksum.o)
                0x0000000000008710                inet_chksum_pseudo
 .text.inet_chksum
                0x000000000000881a       0x14 C:\ch32\data\CH32V307EVT\EVT\EXAM\ETH\NetLib\libwchnet.a(inet_chksum.o)
                0x000000000000881a                inet_chksum
 .text.inet_chksum_pbuf
                0x000000000000882e       0x6a C:\ch32\data\CH32V307EVT\EVT\EXAM\ETH\NetLib\libwchnet.a(inet_chksum.o)
                0x000000000000882e                inet_chksum_pbuf
 .text.printchar
                0x0000000000008898       0x4a c:/mounriver/mounriver_studio/toolchain/risc-v embedded gcc/bin/../lib/gcc/riscv-none-embed/8.2.0/../../../../riscv-none-embed/lib/rv32imacxw/ilp32\libprintf.a(wchprintf.o)
                0x0000000000008898                printchar
 .text.prints   0x00000000000088e2       0xe0 c:/mounriver/mounriver_studio/toolchain/risc-v embedded gcc/bin/../lib/gcc/riscv-none-embed/8.2.0/../../../../riscv-none-embed/lib/rv32imacxw/ilp32\libprintf.a(wchprintf.o)
                0x00000000000088e2                prints
 .text.printInt
                0x00000000000089c2       0xf2 c:/mounriver/mounriver_studio/toolchain/risc-v embedded gcc/bin/../lib/gcc/riscv-none-embed/8.2.0/../../../../riscv-none-embed/lib/rv32imacxw/ilp32\libprintf.a(wchprintf.o)
                0x00000000000089c2                printInt
 .text.printLongLongInt
                0x0000000000008ab4        0x4 c:/mounriver/mounriver_studio/toolchain/risc-v embedded gcc/bin/../lib/gcc/riscv-none-embed/8.2.0/../../../../riscv-none-embed/lib/rv32imacxw/ilp32\libprintf.a(wchprintf.o)
                0x0000000000008ab4                printLongLongInt
 .text.printDouble
                0x0000000000008ab8        0x4 c:/mounriver/mounriver_studio/toolchain/risc-v embedded gcc/bin/../lib/gcc/riscv-none-embed/8.2.0/../../../../riscv-none-embed/lib/rv32imacxw/ilp32\libprintf.a(wchprintf.o)
                0x0000000000008ab8                printDouble
 .text.print    0x0000000000008abc      0x320 c:/mounriver/mounriver_studio/toolchain/risc-v embedded gcc/bin/../lib/gcc/riscv-none-embed/8.2.0/../../../../riscv-none-embed/lib/rv32imacxw/ilp32\libprintf.a(wchprintf.o)
                0x0000000000008abc                print
 .text.printf   0x0000000000008ddc       0x24 c:/mounriver/mounriver_studio/toolchain/risc-v embedded gcc/bin/../lib/gcc/riscv-none-embed/8.2.0/../../../../riscv-none-embed/lib/rv32imacxw/ilp32\libprintf.a(wchprintf.o)
                0x0000000000008ddc                printf
 .text.puts     0x0000000000008e00       0x4a c:/mounriver/mounriver_studio/toolchain/risc-v embedded gcc/bin/../lib/gcc/riscv-none-embed/8.2.0/../../../../riscv-none-embed/lib/rv32imacxw/ilp32\libprintf.a(wchprintf.o)
                0x0000000000008e00                puts
 .text.putchar  0x0000000000008e4a       0x18 c:/mounriver/mounriver_studio/toolchain/risc-v embedded gcc/bin/../lib/gcc/riscv-none-embed/8.2.0/../../../../riscv-none-embed/lib/rv32imacxw/ilp32\libprintf.a(wchprintf.o)
                0x0000000000008e4a                putchar
 .text.memcpy   0x0000000000008e62       0xb2 c:/mounriver/mounriver_studio/toolchain/risc-v embedded gcc/bin/../lib/gcc/riscv-none-embed/8.2.0/../../../../riscv-none-embed/lib/rv32imacxw/ilp32\libg_nano.a(lib_a-memcpy.o)
                0x0000000000008e62                memcpy
 .text.stpncpy  0x0000000000008f14       0x30 c:/mounriver/mounriver_studio/toolchain/risc-v embedded gcc/bin/../lib/gcc/riscv-none-embed/8.2.0/../../../../riscv-none-embed/lib/rv32imacxw/ilp32\libg_nano.a(lib_a-stpncpy.o)
                0x0000000000008f14                stpncpy
 *(.rodata)
 *(.rodata*)
 .rodata.HardFault_Handler.str1.4
                0x0000000000008f44       0x42 ./User/ch32v30x_it.o
 *fill*         0x0000000000008f86        0x2 
 .rodata.WCHNET_CreateTcpSocket.str1.4
                0x0000000000008f88       0x18 ./User/main.o
 .rodata.WCHNET_DataLoopback.str1.4
                0x0000000000008fa0        0xf ./User/main.o
 *fill*         0x0000000000008faf        0x1 
 .rodata.WCHNET_HandleGlobalInt.str1.4
                0x0000000000008fb0       0x3e ./User/main.o
 *fill*         0x0000000000008fee        0x2 
 .rodata.WCHNET_HandleSockInt.str1.4
                0x0000000000008ff0       0x45 ./User/main.o
 *fill*         0x0000000000009035        0x3 
 .rodata.mStopIfError.str1.4
                0x0000000000009038        0xe ./User/main.o
 *fill*         0x0000000000009046        0x2 
 .rodata.main.str1.4
                0x0000000000009048       0x78 ./User/main.o
 .rodata.MemNum
                0x00000000000090c0       0x10 ./NetLib/eth_driver.o
                0x00000000000090c0                MemNum
 .rodata.MemSize
                0x00000000000090d0       0x10 ./NetLib/eth_driver.o
                0x00000000000090d0                MemSize
 .rodata.asc2_1608
                0x00000000000090e0      0x5f0 ./General_File/driver/font.o
                0x00000000000090e0                asc2_1608
 .rodata.asc2_2412
                0x00000000000096d0      0xd5c ./General_File/driver/font.o
                0x00000000000096d0                asc2_2412
 .rodata.asc2_3216
                0x000000000000a42c     0x17c0 ./General_File/driver/font.o
                0x000000000000a42c                asc2_3216
 .rodata.ErrTable
                0x000000000000bbec       0x10 C:\ch32\data\CH32V307EVT\EVT\EXAM\ETH\NetLib\libwchnet.a(socket.o)
                0x000000000000bbec                ErrTable
 .rodata.tcp_close
                0x000000000000bbfc       0x20 C:\ch32\data\CH32V307EVT\EVT\EXAM\ETH\NetLib\libwchnet.a(tcp.o)
 .rodata.tcp_backoff
                0x000000000000bc1c        0xd C:\ch32\data\CH32V307EVT\EVT\EXAM\ETH\NetLib\libwchnet.a(tcp.o)
                0x000000000000bc1c                tcp_backoff
 *fill*         0x000000000000bc29        0x3 
 .rodata.tcp_input
                0x000000000000bc2c       0x20 C:\ch32\data\CH32V307EVT\EVT\EXAM\ETH\NetLib\libwchnet.a(tcp_in.o)
 .rodata.print.str1.4
                0x000000000000bc4c        0x8 c:/mounriver/mounriver_studio/toolchain/risc-v embedded gcc/bin/../lib/gcc/riscv-none-embed/8.2.0/../../../../riscv-none-embed/lib/rv32imacxw/ilp32\libprintf.a(wchprintf.o)
                                          0x7 (size before relaxing)
 *(.gnu.linkonce.t.*)
                0x000000000000bc54                . = ALIGN (0x4)

.rela.dyn       0x000000000000bc54        0x0
 .rela.text.HardFault_Handler
                0x000000000000bc54        0x0 ./User/ch32v30x_it.o
 .rela.text.mStopIfError
                0x000000000000bc54        0x0 ./User/ch32v30x_it.o
 .rela.text.WCHNET_CreateTcpSocket
                0x000000000000bc54        0x0 ./User/ch32v30x_it.o
 .rela.text.WCHNET_DataLoopback
                0x000000000000bc54        0x0 ./User/ch32v30x_it.o
 .rela.text.WCHNET_HandleSockInt
                0x000000000000bc54        0x0 ./User/ch32v30x_it.o
 .rela.text.startup.main
                0x000000000000bc54        0x0 ./User/ch32v30x_it.o
 .rela.init     0x000000000000bc54        0x0 ./User/ch32v30x_it.o
 .rela.vector   0x000000000000bc54        0x0 ./User/ch32v30x_it.o
 .rela.text.handle_reset
                0x000000000000bc54        0x0 ./User/ch32v30x_it.o
 .rela.text.prints
                0x000000000000bc54        0x0 ./User/ch32v30x_it.o
 .rela.text.printInt
                0x000000000000bc54        0x0 ./User/ch32v30x_it.o
 .rela.text.print
                0x000000000000bc54        0x0 ./User/ch32v30x_it.o
 .rela.text.printf
                0x000000000000bc54        0x0 ./User/ch32v30x_it.o

.fini           0x000000000000bc54        0x0
 *(SORT_NONE(.fini))
                0x000000000000bc54                . = ALIGN (0x4)
                [!provide]                        PROVIDE (_etext = .)
                [!provide]                        PROVIDE (_eitcm = .)

.preinit_array  0x000000000000bc54        0x0
                [!provide]                        PROVIDE (__preinit_array_start = .)
 *(.preinit_array)
                [!provide]                        PROVIDE (__preinit_array_end = .)

.init_array     0x000000000000bc54        0x0
                [!provide]                        PROVIDE (__init_array_start = .)
 *(SORT_BY_INIT_PRIORITY(.init_array.*) SORT_BY_INIT_PRIORITY(.ctors.*))
 *(.init_array EXCLUDE_FILE(*crtend?.o *crtend.o *crtbegin?.o *crtbegin.o) .ctors)
                [!provide]                        PROVIDE (__init_array_end = .)

.fini_array     0x000000000000bc54        0x0
                [!provide]                        PROVIDE (__fini_array_start = .)
 *(SORT_BY_INIT_PRIORITY(.fini_array.*) SORT_BY_INIT_PRIORITY(.dtors.*))
 *(.fini_array EXCLUDE_FILE(*crtend?.o *crtend.o *crtbegin?.o *crtbegin.o) .dtors)
                [!provide]                        PROVIDE (__fini_array_end = .)

.ctors
 *crtbegin.o(.ctors)
 *crtbegin?.o(.ctors)
 *(EXCLUDE_FILE(*crtend?.o *crtend.o) .ctors)
 *(SORT_BY_NAME(.ctors.*))
 *(.ctors)

.dtors
 *crtbegin.o(.dtors)
 *crtbegin?.o(.dtors)
 *(EXCLUDE_FILE(*crtend?.o *crtend.o) .dtors)
 *(SORT_BY_NAME(.dtors.*))
 *(.dtors)

.dalign         0x0000000020000000        0x0 load address 0x000000000000bc54
                0x0000000020000000                . = ALIGN (0x4)
                0x0000000020000000                PROVIDE (_data_vma = .)

.dlalign        0x000000000000bc54        0x0
                0x000000000000bc54                . = ALIGN (0x4)
                0x000000000000bc54                PROVIDE (_data_lma = .)

.data           0x0000000020000000       0x78 load address 0x000000000000bc54
 *(.gnu.linkonce.r.*)
 *(.data .data.*)
 .data.AHBPrescTable
                0x0000000020000000       0x10 ./User/system_ch32v30x.o
                0x0000000020000000                AHBPrescTable
 .data.APBAHBPrescTable
                0x0000000020000010       0x10 ./Peripheral/src/ch32v30x_rcc.o
 *(.gnu.linkonce.d.*)
                0x0000000020000020                . = ALIGN (0x8)
                0x0000000020000820                PROVIDE (__global_pointer$ = (. + 0x800))
 *(.sdata .sdata.*)
 .sdata.DESIP   0x0000000020000020        0x4 ./User/main.o
                0x0000000020000020                DESIP
 .sdata.GWIPAddr
                0x0000000020000024        0x4 ./User/main.o
                0x0000000020000024                GWIPAddr
 .sdata.IPAddr  0x0000000020000028        0x4 ./User/main.o
                0x0000000020000028                IPAddr
 .sdata.IPMask  0x000000002000002c        0x4 ./User/main.o
                0x000000002000002c                IPMask
 .sdata.desport
                0x0000000020000030        0x2 ./User/main.o
                0x0000000020000030                desport
 .sdata.srcport
                0x0000000020000032        0x2 ./User/main.o
                0x0000000020000032                srcport
 .sdata.SystemCoreClock
                0x0000000020000034        0x4 ./User/system_ch32v30x.o
                0x0000000020000034                SystemCoreClock
 .sdata.ADCPrescTable
                0x0000000020000038        0x4 ./Peripheral/src/ch32v30x_rcc.o
 .sdata.phyPN   0x000000002000003c        0x1 ./NetLib/eth_driver.o
                0x000000002000003c                phyPN
 *fill*         0x000000002000003d        0x1 
 .sdata.BACK_COLOR
                0x000000002000003e        0x2 ./General_File/driver/st7789.o
                0x000000002000003e                BACK_COLOR
 .sdata.arp_table
                0x0000000020000040        0x4 C:\ch32\data\CH32V307EVT\EVT\EXAM\ETH\NetLib\libwchnet.a(etharp.o)
                0x0000000020000040                arp_table
 .sdata.xid.3253
                0x0000000020000044        0x4 C:\ch32\data\CH32V307EVT\EVT\EXAM\ETH\NetLib\libwchnet.a(dhcp.o)
 .sdata.memp_num
                0x0000000020000048        0x4 C:\ch32\data\CH32V307EVT\EVT\EXAM\ETH\NetLib\libwchnet.a(memp.o)
                0x0000000020000048                memp_num
 .sdata.memp_sizes
                0x000000002000004c        0x4 C:\ch32\data\CH32V307EVT\EVT\EXAM\ETH\NetLib\libwchnet.a(memp.o)
                0x000000002000004c                memp_sizes
 .sdata.iss.3173
                0x0000000020000050        0x4 C:\ch32\data\CH32V307EVT\EVT\EXAM\ETH\NetLib\libwchnet.a(tcp.o)
 .sdata.port.3015
                0x0000000020000054        0x2 C:\ch32\data\CH32V307EVT\EVT\EXAM\ETH\NetLib\libwchnet.a(tcp.o)
 *(.sdata2.*)
 *fill*         0x0000000020000056        0x2 
 .sdata2.ethbroadcast
                0x0000000020000058        0x6 C:\ch32\data\CH32V307EVT\EVT\EXAM\ETH\NetLib\libwchnet.a(etharp.o)
                0x0000000020000058                ethbroadcast
 *fill*         0x000000002000005e        0x2 
 .sdata2.ethzero
                0x0000000020000060        0x6 C:\ch32\data\CH32V307EVT\EVT\EXAM\ETH\NetLib\libwchnet.a(etharp.o)
                0x0000000020000060                ethzero
 *fill*         0x0000000020000066        0x2 
 .sdata2.ip_addr_any
                0x0000000020000068        0x4 C:\ch32\data\CH32V307EVT\EVT\EXAM\ETH\NetLib\libwchnet.a(ip_addr.o)
                0x0000000020000068                ip_addr_any
 .sdata2.ip_addr_broadcast
                0x000000002000006c        0x4 C:\ch32\data\CH32V307EVT\EVT\EXAM\ETH\NetLib\libwchnet.a(ip_addr.o)
                0x000000002000006c                ip_addr_broadcast
 .sdata2.tcp_persist_backoff
                0x0000000020000070        0x7 C:\ch32\data\CH32V307EVT\EVT\EXAM\ETH\NetLib\libwchnet.a(tcp.o)
                0x0000000020000070                tcp_persist_backoff
 *(.gnu.linkonce.s.*)
                0x0000000020000078                . = ALIGN (0x8)
 *fill*         0x0000000020000077        0x1 
 *(.srodata.cst16)
 *(.srodata.cst8)
 *(.srodata.cst4)
 *(.srodata.cst2)
 *(.srodata .srodata.*)
                0x0000000020000078                . = ALIGN (0x4)
                0x0000000020000078                PROVIDE (_edata = .)

.bss            0x0000000020000078     0x6270 load address 0x000000000000bccc
                0x0000000020000078                . = ALIGN (0x4)
                0x0000000020000078                PROVIDE (_sbss = .)
 *(.sbss*)
 .sbss.MACAddr  0x0000000020000078        0x6 ./User/main.o
                0x0000000020000078                MACAddr
 .sbss.SocketId
                0x000000002000007e        0x1 ./User/main.o
                0x000000002000007e                SocketId
 *fill*         0x000000002000007f        0x1 
 .sbss.socket   0x0000000020000080        0x1 ./User/main.o
                0x0000000020000080                socket
 *fill*         0x0000000020000081        0x3 
 .sbss.DMARxDescToGet
                0x0000000020000084        0x4 ./Peripheral/src/ch32v30x_eth.o
                0x0000000020000084                DMARxDescToGet
 .sbss.DMATxDescToSet
                0x0000000020000088        0x4 ./Peripheral/src/ch32v30x_eth.o
                0x0000000020000088                DMATxDescToSet
 .sbss.LocalTime
                0x000000002000008c        0x4 ./NetLib/eth_driver.o
                0x000000002000008c                LocalTime
 .sbss.gPHYAddress
                0x0000000020000090        0x2 ./NetLib/eth_driver.o
                0x0000000020000090                gPHYAddress
 *fill*         0x0000000020000092        0x2 
 .sbss.pDMARxSet
                0x0000000020000094        0x4 ./NetLib/eth_driver.o
                0x0000000020000094                pDMARxSet
 .sbss.pDMATxSet
                0x0000000020000098        0x4 ./NetLib/eth_driver.o
                0x0000000020000098                pDMATxSet
 .sbss.phyLinkCnt
                0x000000002000009c        0x1 ./NetLib/eth_driver.o
                0x000000002000009c                phyLinkCnt
 .sbss.phyLinkStatus
                0x000000002000009d        0x1 ./NetLib/eth_driver.o
                0x000000002000009d                phyLinkStatus
 *fill*         0x000000002000009e        0x2 
 .sbss.phyLinkTime
                0x00000000200000a0        0x4 ./NetLib/eth_driver.o
                0x00000000200000a0                phyLinkTime
 .sbss.phyRetryCnt
                0x00000000200000a4        0x1 ./NetLib/eth_driver.o
                0x00000000200000a4                phyRetryCnt
 .sbss.phyStatus
                0x00000000200000a5        0x1 ./NetLib/eth_driver.o
                0x00000000200000a5                phyStatus
 .sbss.phySucCnt
                0x00000000200000a6        0x1 ./NetLib/eth_driver.o
                0x00000000200000a6                phySucCnt
 *fill*         0x00000000200000a7        0x1 
 .sbss.POINT_COLOR
                0x00000000200000a8        0x2 ./General_File/driver/st7789.o
                0x00000000200000a8                POINT_COLOR
 .sbss.LED_Status
                0x00000000200000aa        0x2 ./General_File/system.o
                0x00000000200000aa                LED_Status
 .sbss.p_ms     0x00000000200000ac        0x2 ./Debug/debug.o
 .sbss.p_us     0x00000000200000ae        0x1 ./Debug/debug.o
 *fill*         0x00000000200000af        0x1 
 .sbss.ARPTimer
                0x00000000200000b0        0x4 C:\ch32\data\CH32V307EVT\EVT\EXAM\ETH\NetLib\libwchnet.a(eth_api.o)
                0x00000000200000b0                ARPTimer
 .sbss.ArpCheckTime
                0x00000000200000b4        0x4 C:\ch32\data\CH32V307EVT\EVT\EXAM\ETH\NetLib\libwchnet.a(eth_api.o)
                0x00000000200000b4                ArpCheckTime
 .sbss.DHCPcoarseTimer
                0x00000000200000b8        0x4 C:\ch32\data\CH32V307EVT\EVT\EXAM\ETH\NetLib\libwchnet.a(eth_api.o)
                0x00000000200000b8                DHCPcoarseTimer
 .sbss.DHCPfineTimer
                0x00000000200000bc        0x4 C:\ch32\data\CH32V307EVT\EVT\EXAM\ETH\NetLib\libwchnet.a(eth_api.o)
                0x00000000200000bc                DHCPfineTimer
 .sbss.DNSTimer
                0x00000000200000c0        0x4 C:\ch32\data\CH32V307EVT\EVT\EXAM\ETH\NetLib\libwchnet.a(eth_api.o)
                0x00000000200000c0                DNSTimer
 .sbss.IPFragTimer
                0x00000000200000c4        0x4 C:\ch32\data\CH32V307EVT\EVT\EXAM\ETH\NetLib\libwchnet.a(eth_api.o)
                0x00000000200000c4                IPFragTimer
 .sbss.TCPTimer
                0x00000000200000c8        0x4 C:\ch32\data\CH32V307EVT\EVT\EXAM\ETH\NetLib\libwchnet.a(eth_api.o)
                0x00000000200000c8                TCPTimer
 .sbss.TxTimer  0x00000000200000cc        0x4 C:\ch32\data\CH32V307EVT\EVT\EXAM\ETH\NetLib\libwchnet.a(eth_api.o)
                0x00000000200000cc                TxTimer
 .sbss.phydatatime
                0x00000000200000d0        0x4 C:\ch32\data\CH32V307EVT\EVT\EXAM\ETH\NetLib\libwchnet.a(eth_api.o)
                0x00000000200000d0                phydatatime
 .sbss.SockNumber
                0x00000000200000d4        0x1 C:\ch32\data\CH32V307EVT\EVT\EXAM\ETH\NetLib\libwchnet.a(socket.o)
                0x00000000200000d4                SockNumber
 .sbss.phydata  0x00000000200000d5        0x1 C:\ch32\data\CH32V307EVT\EVT\EXAM\ETH\NetLib\libwchnet.a(socket.o)
                0x00000000200000d5                phydata
 *fill*         0x00000000200000d6        0x2 
 .sbss.tcpSendDataTime
                0x00000000200000d8        0x4 C:\ch32\data\CH32V307EVT\EVT\EXAM\ETH\NetLib\libwchnet.a(socket.o)
                0x00000000200000d8                tcpSendDataTime
 .sbss.etharp_cached_entry
                0x00000000200000dc        0x1 C:\ch32\data\CH32V307EVT\EVT\EXAM\ETH\NetLib\libwchnet.a(etharp.o)
 *fill*         0x00000000200000dd        0x3 
 .sbss.frame    0x00000000200000e0        0x8 C:\ch32\data\CH32V307EVT\EVT\EXAM\ETH\NetLib\libwchnet.a(ethernetif.o)
                0x00000000200000e0                frame
 .sbss.ip_id.2933
                0x00000000200000e8        0x2 C:\ch32\data\CH32V307EVT\EVT\EXAM\ETH\NetLib\libwchnet.a(ip.o)
 .sbss.ip_reass_pbufcount
                0x00000000200000ea        0x2 C:\ch32\data\CH32V307EVT\EVT\EXAM\ETH\NetLib\libwchnet.a(ip_frag.o)
 .sbss.reassdatagrams
                0x00000000200000ec        0x4 C:\ch32\data\CH32V307EVT\EVT\EXAM\ETH\NetLib\libwchnet.a(ip_frag.o)
 .sbss.lfree    0x00000000200000f0        0x4 C:\ch32\data\CH32V307EVT\EVT\EXAM\ETH\NetLib\libwchnet.a(mem.o)
 .sbss.ram      0x00000000200000f4        0x4 C:\ch32\data\CH32V307EVT\EVT\EXAM\ETH\NetLib\libwchnet.a(mem.o)
 .sbss.ram_end  0x00000000200000f8        0x4 C:\ch32\data\CH32V307EVT\EVT\EXAM\ETH\NetLib\libwchnet.a(mem.o)
 .sbss.netif_default
                0x00000000200000fc        0x4 C:\ch32\data\CH32V307EVT\EVT\EXAM\ETH\NetLib\libwchnet.a(netif.o)
                0x00000000200000fc                netif_default
 .sbss.netif_list
                0x0000000020000100        0x4 C:\ch32\data\CH32V307EVT\EVT\EXAM\ETH\NetLib\libwchnet.a(netif.o)
                0x0000000020000100                netif_list
 .sbss.netifnum.2468
                0x0000000020000104        0x1 C:\ch32\data\CH32V307EVT\EVT\EXAM\ETH\NetLib\libwchnet.a(netif.o)
 *fill*         0x0000000020000105        0x3 
 .sbss.raw_pcbs
                0x0000000020000108        0x4 C:\ch32\data\CH32V307EVT\EVT\EXAM\ETH\NetLib\libwchnet.a(raw.o)
 .sbss.tcp_active_pcbs
                0x000000002000010c        0x4 C:\ch32\data\CH32V307EVT\EVT\EXAM\ETH\NetLib\libwchnet.a(tcp.o)
                0x000000002000010c                tcp_active_pcbs
 .sbss.tcp_bound_pcbs
                0x0000000020000110        0x4 C:\ch32\data\CH32V307EVT\EVT\EXAM\ETH\NetLib\libwchnet.a(tcp.o)
                0x0000000020000110                tcp_bound_pcbs
 .sbss.tcp_listen_pcbs
                0x0000000020000114        0x4 C:\ch32\data\CH32V307EVT\EVT\EXAM\ETH\NetLib\libwchnet.a(tcp.o)
                0x0000000020000114                tcp_listen_pcbs
 .sbss.tcp_ticks
                0x0000000020000118        0x4 C:\ch32\data\CH32V307EVT\EVT\EXAM\ETH\NetLib\libwchnet.a(tcp.o)
                0x0000000020000118                tcp_ticks
 .sbss.tcp_timer
                0x000000002000011c        0x1 C:\ch32\data\CH32V307EVT\EVT\EXAM\ETH\NetLib\libwchnet.a(tcp.o)
 *fill*         0x000000002000011d        0x3 
 .sbss.tcp_tmp_pcb
                0x0000000020000120        0x4 C:\ch32\data\CH32V307EVT\EVT\EXAM\ETH\NetLib\libwchnet.a(tcp.o)
                0x0000000020000120                tcp_tmp_pcb
 .sbss.tcp_tw_pcbs
                0x0000000020000124        0x4 C:\ch32\data\CH32V307EVT\EVT\EXAM\ETH\NetLib\libwchnet.a(tcp.o)
                0x0000000020000124                tcp_tw_pcbs
 .sbss.ackno    0x0000000020000128        0x4 C:\ch32\data\CH32V307EVT\EVT\EXAM\ETH\NetLib\libwchnet.a(tcp_in.o)
 .sbss.flags    0x000000002000012c        0x1 C:\ch32\data\CH32V307EVT\EVT\EXAM\ETH\NetLib\libwchnet.a(tcp_in.o)
 *fill*         0x000000002000012d        0x3 
 .sbss.iphdr    0x0000000020000130        0x4 C:\ch32\data\CH32V307EVT\EVT\EXAM\ETH\NetLib\libwchnet.a(tcp_in.o)
 .sbss.recv_data
                0x0000000020000134        0x4 C:\ch32\data\CH32V307EVT\EVT\EXAM\ETH\NetLib\libwchnet.a(tcp_in.o)
 .sbss.recv_flags
                0x0000000020000138        0x1 C:\ch32\data\CH32V307EVT\EVT\EXAM\ETH\NetLib\libwchnet.a(tcp_in.o)
 *fill*         0x0000000020000139        0x3 
 .sbss.seqno    0x000000002000013c        0x4 C:\ch32\data\CH32V307EVT\EVT\EXAM\ETH\NetLib\libwchnet.a(tcp_in.o)
 .sbss.tcp_input_pcb
                0x0000000020000140        0x4 C:\ch32\data\CH32V307EVT\EVT\EXAM\ETH\NetLib\libwchnet.a(tcp_in.o)
                0x0000000020000140                tcp_input_pcb
 .sbss.tcphdr   0x0000000020000144        0x4 C:\ch32\data\CH32V307EVT\EVT\EXAM\ETH\NetLib\libwchnet.a(tcp_in.o)
 .sbss.tcplen   0x0000000020000148        0x2 C:\ch32\data\CH32V307EVT\EVT\EXAM\ETH\NetLib\libwchnet.a(tcp_in.o)
 *fill*         0x000000002000014a        0x2 
 .sbss.udp_pcbs
                0x000000002000014c        0x4 C:\ch32\data\CH32V307EVT\EVT\EXAM\ETH\NetLib\libwchnet.a(udp.o)
                0x000000002000014c                udp_pcbs
 *(.gnu.linkonce.sb.*)
 *(.bss*)
 .bss.SocketRecvBuf
                0x0000000020000150      0xb68 ./User/main.o
                0x0000000020000150                SocketRecvBuf
 .bss.DMARxDscrTab
                0x0000000020000cb8       0x40 ./NetLib/eth_driver.o
                0x0000000020000cb8                DMARxDscrTab
 .bss.DMATxDscrTab
                0x0000000020000cf8       0x20 ./NetLib/eth_driver.o
                0x0000000020000cf8                DMATxDscrTab
 .bss.MACRxBuf  0x0000000020000d18     0x1800 ./NetLib/eth_driver.o
                0x0000000020000d18                MACRxBuf
 .bss.MACTxBuf  0x0000000020002518      0xc00 ./NetLib/eth_driver.o
                0x0000000020002518                MACTxBuf
 .bss.Mem_ArpTable
                0x0000000020003118      0x4b0 ./NetLib/eth_driver.o
                0x0000000020003118                Mem_ArpTable
 .bss.Mem_Heap_Memory
                0x00000000200035c8     0x1244 ./NetLib/eth_driver.o
                0x00000000200035c8                Mem_Heap_Memory
 .bss.Memp_Memory
                0x000000002000480c     0x193f ./NetLib/eth_driver.o
                0x000000002000480c                Memp_Memory
 *fill*         0x000000002000614b        0x1 
 .bss.SocketInf
                0x000000002000614c       0x3c ./NetLib/eth_driver.o
                0x000000002000614c                SocketInf
 .bss.SelARP    0x0000000020006188        0xc C:\ch32\data\CH32V307EVT\EVT\EXAM\ETH\NetLib\libwchnet.a(ipcheck.o)
                0x0000000020006188                SelARP
 .bss.DHCPCtrl  0x0000000020006194       0x18 C:\ch32\data\CH32V307EVT\EVT\EXAM\ETH\NetLib\libwchnet.a(net_dhcp.o)
                0x0000000020006194                DHCPCtrl
 .bss.dhcp_host_name
                0x00000000200061ac       0x40 C:\ch32\data\CH32V307EVT\EVT\EXAM\ETH\NetLib\libwchnet.a(net_dhcp.o)
                0x00000000200061ac                dhcp_host_name
 .bss.DNSInf    0x00000000200061ec       0x14 C:\ch32\data\CH32V307EVT\EVT\EXAM\ETH\NetLib\libwchnet.a(net_dns.o)
                0x00000000200061ec                DNSInf
 .bss.KeepLiveCfg
                0x0000000020006200        0xc C:\ch32\data\CH32V307EVT\EVT\EXAM\ETH\NetLib\libwchnet.a(socket.o)
                0x0000000020006200                KeepLiveCfg
 .bss.NetInf    0x000000002000620c       0x44 C:\ch32\data\CH32V307EVT\EVT\EXAM\ETH\NetLib\libwchnet.a(socket.o)
                0x000000002000620c                NetInf
 .bss.WCHCfg    0x0000000020006250       0x2c C:\ch32\data\CH32V307EVT\EVT\EXAM\ETH\NetLib\libwchnet.a(socket.o)
                0x0000000020006250                WCHCfg
 .bss.WCHNetIf  0x000000002000627c       0x38 C:\ch32\data\CH32V307EVT\EVT\EXAM\ETH\NetLib\libwchnet.a(ethernetif.o)
                0x000000002000627c                WCHNetIf
 .bss.memp_tab  0x00000000200062b4       0x20 C:\ch32\data\CH32V307EVT\EVT\EXAM\ETH\NetLib\libwchnet.a(memp.o)
 .bss.inseg     0x00000000200062d4       0x14 C:\ch32\data\CH32V307EVT\EVT\EXAM\ETH\NetLib\libwchnet.a(tcp_in.o)
 *(.gnu.linkonce.b.*)
 *(COMMON*)
                0x00000000200062e8                . = ALIGN (0x4)
                0x00000000200062e8                PROVIDE (_ebss = .)
                0x00000000200062e8                PROVIDE (_end = _ebss)
                [!provide]                        PROVIDE (end = .)

.stack          0x000000002000f800      0x800
                0x000000002000f800                PROVIDE (_heap_end = .)
                0x000000002000f800                . = ALIGN (0x4)
                [!provide]                        PROVIDE (_susrstack = .)
                0x0000000020010000                . = (. + __stack_size)
 *fill*         0x000000002000f800      0x800 
                0x0000000020010000                PROVIDE (_eusrstack = .)
OUTPUT(TcpClient.elf elf32-littleriscv)

.debug_info     0x0000000000000000    0x15077
 .debug_info    0x0000000000000000      0xefb ./User/ch32v30x_it.o
 .debug_info    0x0000000000000efb     0x1e1b ./User/main.o
 .debug_info    0x0000000000002d16      0xb89 ./User/system_ch32v30x.o
 .debug_info    0x000000000000389f       0x22 ./Startup/startup_ch32v30x_D8C.o
 .debug_info    0x00000000000038c1      0xa94 ./Peripheral/src/ch32v30x_dbgmcu.o
 .debug_info    0x0000000000004355     0x26f0 ./Peripheral/src/ch32v30x_eth.o
 .debug_info    0x0000000000006a45      0xc0d ./Peripheral/src/ch32v30x_exti.o
 .debug_info    0x0000000000007652     0x1093 ./Peripheral/src/ch32v30x_gpio.o
 .debug_info    0x00000000000086e5     0x156e ./Peripheral/src/ch32v30x_rcc.o
 .debug_info    0x0000000000009c53     0x2a16 ./Peripheral/src/ch32v30x_tim.o
 .debug_info    0x000000000000c669     0x1420 ./Peripheral/src/ch32v30x_usart.o
 .debug_info    0x000000000000da89     0x25bc ./NetLib/eth_driver.o
 .debug_info    0x0000000000010045      0xc54 ./General_File/driver/font.o
 .debug_info    0x0000000000010c99     0x1b19 ./General_File/driver/st7789.o
 .debug_info    0x00000000000127b2     0x153c ./General_File/system.o
 .debug_info    0x0000000000013cee      0xf1c ./Debug/debug.o
 .debug_info    0x0000000000014c0a      0x46d ./Core/core_riscv.o

.debug_abbrev   0x0000000000000000     0x327d
 .debug_abbrev  0x0000000000000000      0x26e ./User/ch32v30x_it.o
 .debug_abbrev  0x000000000000026e      0x428 ./User/main.o
 .debug_abbrev  0x0000000000000696      0x2c0 ./User/system_ch32v30x.o
 .debug_abbrev  0x0000000000000956       0x12 ./Startup/startup_ch32v30x_D8C.o
 .debug_abbrev  0x0000000000000968      0x2f7 ./Peripheral/src/ch32v30x_dbgmcu.o
 .debug_abbrev  0x0000000000000c5f      0x47b ./Peripheral/src/ch32v30x_eth.o
 .debug_abbrev  0x00000000000010da      0x2da ./Peripheral/src/ch32v30x_exti.o
 .debug_abbrev  0x00000000000013b4      0x309 ./Peripheral/src/ch32v30x_gpio.o
 .debug_abbrev  0x00000000000016bd      0x351 ./Peripheral/src/ch32v30x_rcc.o
 .debug_abbrev  0x0000000000001a0e      0x408 ./Peripheral/src/ch32v30x_tim.o
 .debug_abbrev  0x0000000000001e16      0x312 ./Peripheral/src/ch32v30x_usart.o
 .debug_abbrev  0x0000000000002128      0x492 ./NetLib/eth_driver.o
 .debug_abbrev  0x00000000000025ba      0x24a ./General_File/driver/font.o
 .debug_abbrev  0x0000000000002804      0x363 ./General_File/driver/st7789.o
 .debug_abbrev  0x0000000000002b67      0x310 ./General_File/system.o
 .debug_abbrev  0x0000000000002e77      0x2f9 ./Debug/debug.o
 .debug_abbrev  0x0000000000003170      0x10d ./Core/core_riscv.o

.debug_aranges  0x0000000000000000      0xd78
 .debug_aranges
                0x0000000000000000       0x40 ./User/ch32v30x_it.o
 .debug_aranges
                0x0000000000000040       0x58 ./User/main.o
 .debug_aranges
                0x0000000000000098       0x28 ./User/system_ch32v30x.o
 .debug_aranges
                0x00000000000000c0       0x30 ./Startup/startup_ch32v30x_D8C.o
 .debug_aranges
                0x00000000000000f0       0x48 ./Peripheral/src/ch32v30x_dbgmcu.o
 .debug_aranges
                0x0000000000000138      0x300 ./Peripheral/src/ch32v30x_eth.o
 .debug_aranges
                0x0000000000000438       0x50 ./Peripheral/src/ch32v30x_exti.o
 .debug_aranges
                0x0000000000000488       0xa8 ./Peripheral/src/ch32v30x_gpio.o
 .debug_aranges
                0x0000000000000530      0x1a8 ./Peripheral/src/ch32v30x_rcc.o
 .debug_aranges
                0x00000000000006d8      0x2d0 ./Peripheral/src/ch32v30x_tim.o
 .debug_aranges
                0x00000000000009a8      0x100 ./Peripheral/src/ch32v30x_usart.o
 .debug_aranges
                0x0000000000000aa8       0x98 ./NetLib/eth_driver.o
 .debug_aranges
                0x0000000000000b40       0x20 ./General_File/driver/font.o
 .debug_aranges
                0x0000000000000b60       0x88 ./General_File/driver/st7789.o
 .debug_aranges
                0x0000000000000be8       0x68 ./General_File/system.o
 .debug_aranges
                0x0000000000000c50       0x48 ./Debug/debug.o
 .debug_aranges
                0x0000000000000c98       0xe0 ./Core/core_riscv.o

.debug_ranges   0x0000000000000000      0xdb8
 .debug_ranges  0x0000000000000000       0x30 ./User/ch32v30x_it.o
 .debug_ranges  0x0000000000000030       0x68 ./User/main.o
 .debug_ranges  0x0000000000000098       0x38 ./User/system_ch32v30x.o
 .debug_ranges  0x00000000000000d0       0x28 ./Startup/startup_ch32v30x_D8C.o
 .debug_ranges  0x00000000000000f8       0x50 ./Peripheral/src/ch32v30x_dbgmcu.o
 .debug_ranges  0x0000000000000148      0x368 ./Peripheral/src/ch32v30x_eth.o
 .debug_ranges  0x00000000000004b0       0x40 ./Peripheral/src/ch32v30x_exti.o
 .debug_ranges  0x00000000000004f0       0x98 ./Peripheral/src/ch32v30x_gpio.o
 .debug_ranges  0x0000000000000588      0x198 ./Peripheral/src/ch32v30x_rcc.o
 .debug_ranges  0x0000000000000720      0x2f0 ./Peripheral/src/ch32v30x_tim.o
 .debug_ranges  0x0000000000000a10       0xf0 ./Peripheral/src/ch32v30x_usart.o
 .debug_ranges  0x0000000000000b00       0xb8 ./NetLib/eth_driver.o
 .debug_ranges  0x0000000000000bb8       0x28 ./General_File/driver/font.o
 .debug_ranges  0x0000000000000be0       0x78 ./General_File/driver/st7789.o
 .debug_ranges  0x0000000000000c58       0x58 ./General_File/system.o
 .debug_ranges  0x0000000000000cb0       0x38 ./Debug/debug.o
 .debug_ranges  0x0000000000000ce8       0xd0 ./Core/core_riscv.o

.debug_line     0x0000000000000000     0xfad5
 .debug_line    0x0000000000000000      0x43e ./User/ch32v30x_it.o
 .debug_line    0x000000000000043e      0xca2 ./User/main.o
 .debug_line    0x00000000000010e0      0x731 ./User/system_ch32v30x.o
 .debug_line    0x0000000000001811      0x379 ./Startup/startup_ch32v30x_D8C.o
 .debug_line    0x0000000000001b8a      0x38e ./Peripheral/src/ch32v30x_dbgmcu.o
 .debug_line    0x0000000000001f18     0x321f ./Peripheral/src/ch32v30x_eth.o
 .debug_line    0x0000000000005137      0x5d7 ./Peripheral/src/ch32v30x_exti.o
 .debug_line    0x000000000000570e      0xd6f ./Peripheral/src/ch32v30x_gpio.o
 .debug_line    0x000000000000647d     0x198a ./Peripheral/src/ch32v30x_rcc.o
 .debug_line    0x0000000000007e07     0x32f7 ./Peripheral/src/ch32v30x_tim.o
 .debug_line    0x000000000000b0fe     0x1028 ./Peripheral/src/ch32v30x_usart.o
 .debug_line    0x000000000000c126     0x143f ./NetLib/eth_driver.o
 .debug_line    0x000000000000d565      0x2df ./General_File/driver/font.o
 .debug_line    0x000000000000d844      0xf31 ./General_File/driver/st7789.o
 .debug_line    0x000000000000e775      0x6f7 ./General_File/system.o
 .debug_line    0x000000000000ee6c      0x704 ./Debug/debug.o
 .debug_line    0x000000000000f570      0x565 ./Core/core_riscv.o

.debug_str      0x0000000000000000     0x4843
 .debug_str     0x0000000000000000      0x862 ./User/ch32v30x_it.o
                                        0x912 (size before relaxing)
 .debug_str     0x0000000000000862      0x9e2 ./User/main.o
                                       0x124f (size before relaxing)
 .debug_str     0x0000000000001244       0xf5 ./User/system_ch32v30x.o
                                        0x6c4 (size before relaxing)
 .debug_str     0x0000000000001339       0x51 ./Startup/startup_ch32v30x_D8C.o
                                         0x85 (size before relaxing)
 .debug_str     0x000000000000138a       0xba ./Peripheral/src/ch32v30x_dbgmcu.o
                                        0x661 (size before relaxing)
 .debug_str     0x0000000000001444     0x121d ./Peripheral/src/ch32v30x_eth.o
                                       0x1918 (size before relaxing)
 .debug_str     0x0000000000002661      0x1c7 ./Peripheral/src/ch32v30x_exti.o
                                        0x7a8 (size before relaxing)
 .debug_str     0x0000000000002828      0x3a9 ./Peripheral/src/ch32v30x_gpio.o
                                        0x98c (size before relaxing)
 .debug_str     0x0000000000002bd1      0x5d8 ./Peripheral/src/ch32v30x_rcc.o
                                        0xce5 (size before relaxing)
 .debug_str     0x00000000000031a9      0xa26 ./Peripheral/src/ch32v30x_tim.o
                                       0x1296 (size before relaxing)
 .debug_str     0x0000000000003bcf      0x43f ./Peripheral/src/ch32v30x_usart.o
                                        0xb32 (size before relaxing)
 .debug_str     0x000000000000400e      0x343 ./NetLib/eth_driver.o
                                       0x18fc (size before relaxing)
 .debug_str     0x0000000000004351       0x27 ./General_File/driver/font.o
                                        0x624 (size before relaxing)
 .debug_str     0x0000000000004378      0x116 ./General_File/driver/st7789.o
                                        0x8ea (size before relaxing)
 .debug_str     0x000000000000448e      0x1bf ./General_File/system.o
                                       0x10a4 (size before relaxing)
 .debug_str     0x000000000000464d       0xac ./Debug/debug.o
                                        0x91a (size before relaxing)
 .debug_str     0x00000000000046f9      0x14a ./Core/core_riscv.o
                                        0x2fb (size before relaxing)

.comment        0x0000000000000000       0x33
 .comment       0x0000000000000000       0x33 ./User/ch32v30x_it.o
                                         0x34 (size before relaxing)